{
  "Resources": {
    "ProjectRole4CCB274E": {
      "Type": "AWS::IAM::Role",
      "Properties": {
        "AssumeRolePolicyDocument": {
          "Statement": [
            {
              "Action": "sts:AssumeRole",
              "Effect": "Allow",
              "Principal": {
                "Service": "codebuild.amazonaws.com"
              }
            }
          ],
          "Version": "2012-10-17"
        }
      }
    },
    "ProjectRoleDefaultPolicy7F29461B": {
      "Type": "AWS::IAM::Policy",
      "Properties": {
        "PolicyDocument": {
          "Statement": [
            {
              "Action": [
                "logs:CreateLogGroup",
                "logs:CreateLogStream",
                "logs:PutLogEvents"
              ],
              "Effect": "Allow",
              "Resource": [
                {
                  "Fn::Join": [
                    "",
                    [
                      "arn:",
                      {
                        "Ref": "AWS::Partition"
                      },
                      ":logs:",
                      {
                        "Ref": "AWS::Region"
                      },
                      ":",
                      {
                        "Ref": "AWS::AccountId"
                      },
                      ":log-group:/aws/codebuild/",
                      {
                        "Ref": "ProjectC78D97AD"
                      }
                    ]
                  ]
                },
                {
                  "Fn::Join": [
                    "",
                    [
                      "arn:",
                      {
                        "Ref": "AWS::Partition"
                      },
                      ":logs:",
                      {
                        "Ref": "AWS::Region"
                      },
                      ":",
                      {
                        "Ref": "AWS::AccountId"
                      },
                      ":log-group:/aws/codebuild/",
                      {
                        "Ref": "ProjectC78D97AD"
                      },
                      ":*"
                    ]
                  ]
                }
              ]
            },
            {
              "Action": [
                "codebuild:CreateReportGroup",
                "codebuild:CreateReport",
                "codebuild:UpdateReport",
                "codebuild:BatchPutTestCases",
                "codebuild:BatchPutCodeCoverages"
              ],
              "Effect": "Allow",
              "Resource": {
                "Fn::Join": [
                  "",
                  [
                    "arn:",
                    {
                      "Ref": "AWS::Partition"
                    },
                    ":codebuild:",
                    {
                      "Ref": "AWS::Region"
                    },
                    ":",
                    {
                      "Ref": "AWS::AccountId"
                    },
                    ":report-group/",
                    {
                      "Ref": "ProjectC78D97AD"
                    },
                    "-*"
                  ]
                ]
              }
            }
          ],
          "Version": "2012-10-17"
        },
        "PolicyName": "ProjectRoleDefaultPolicy7F29461B",
        "Roles": [
          {
            "Ref": "ProjectRole4CCB274E"
          }
        ]
      }
    },
    "ProjectC78D97AD": {
      "Type": "AWS::CodeBuild::Project",
      "Properties": {
        "Artifacts": {
          "Type": "NO_ARTIFACTS"
        },
        "Environment": {
          "ComputeType": "BUILD_GENERAL1_SMALL",
          "Image": "aws/codebuild/standard:1.0",
          "ImagePullCredentialsType": "CODEBUILD",
          "PrivilegedMode": false,
          "Type": "LINUX_CONTAINER"
        },
        "ServiceRole": {
          "Fn::GetAtt": [
            "ProjectRole4CCB274E",
            "Arn"
          ]
        },
        "Source": {
          "BuildSpec": "{\n  \"version\": \"0.2\",\n  \"phases\": {\n    \"build\": {\n      \"commands\": [\n        \"touch emptyFile\"\n      ]\n    }\n  },\n  \"reports\": {\n    \"emptyReport\": {\n      \"files\": [\n        \"**/*\"\n      ]\n    }\n  }\n}",
          "Type": "NO_SOURCE"
        },
        "EncryptionKey": "alias/aws/s3",
        "Name": "MyTestProject"
      }
    },
    "StateMachineRoleB840431D": {
      "Type": "AWS::IAM::Role",
      "Properties": {
        "AssumeRolePolicyDocument": {
          "Statement": [
            {
              "Action": "sts:AssumeRole",
              "Effect": "Allow",
              "Principal": {
                "Service": {
                  "Fn::Join": [
                    "",
                    [
                      "states.",
                      {
                        "Ref": "AWS::Region"
                      },
                      ".amazonaws.com"
                    ]
                  ]
                }
              }
            }
          ],
          "Version": "2012-10-17"
        }
      }
    },
    "StateMachineRoleDefaultPolicyDF1E6607": {
      "Type": "AWS::IAM::Policy",
      "Properties": {
        "PolicyDocument": {
          "Statement": [
            {
              "Action": [
                "codebuild:StartBuild",
                "codebuild:StopBuild",
                "codebuild:BatchGetBuilds",
                "codebuild:BatchGetReports"
              ],
              "Effect": "Allow",
              "Resource": {
                "Fn::GetAtt": [
                  "ProjectC78D97AD",
                  "Arn"
                ]
              }
            },
            {
              "Action": [
                "events:PutTargets",
                "events:PutRule",
                "events:DescribeRule"
              ],
              "Effect": "Allow",
              "Resource": {
                "Fn::Join": [
                  "",
                  [
                    "arn:",
                    {
                      "Ref": "AWS::Partition"
                    },
                    ":events:",
                    {
                      "Ref": "AWS::Region"
                    },
                    ":",
                    {
                      "Ref": "AWS::AccountId"
                    },
                    ":rule/StepFunctionsGetEventForCodeBuildStartBuildRule"
                  ]
                ]
              }
            },
            {
              "Action": "codebuild:BatchGetReports",
              "Effect": "Allow",
              "Resource": {
                "Fn::Join": [
                  "",
                  [
                    "arn:",
                    {
                      "Ref": "AWS::Partition"
                    },
                    ":codebuild:",
                    {
                      "Ref": "AWS::Region"
                    },
                    ":",
                    {
                      "Ref": "AWS::AccountId"
                    },
                    ":report-group/*"
                  ]
                ]
              }
            }
          ],
          "Version": "2012-10-17"
        },
        "PolicyName": "StateMachineRoleDefaultPolicyDF1E6607",
        "Roles": [
          {
            "Ref": "StateMachineRoleB840431D"
          }
        ]
      }
    },
    "StateMachine2E01A3A5": {
      "Type": "AWS::StepFunctions::StateMachine",
      "Properties": {
        "RoleArn": {
          "Fn::GetAtt": [
            "StateMachineRoleB840431D",
            "Arn"
          ]
        },
        "DefinitionString": {
          "Fn::Join": [
            "",
            [
              "{\"StartAt\":\"build-task\",\"States\":{\"build-task\":{\"Next\":\"batch-get-reports\",\"Type\":\"Task\",\"Resource\":\"arn:",
              {
                "Ref": "AWS::Partition"
              },
              ":states:::codebuild:startBuild.sync\",\"Parameters\":{\"ProjectName\":\"",
              {
                "Ref": "ProjectC78D97AD"
              },
              "\"}},\"batch-get-reports\":{\"End\":true,\"Type\":\"Task\",\"Resource\":\"arn:",
              {
                "Ref": "AWS::Partition"
              },
              ":states:::codebuild:batchGetReports\",\"Parameters\":{\"ReportArns.$\":\"$.Build.ReportArns\"}}}}"
            ]
          ]
        }
      },
      "DependsOn": [
        "StateMachineRoleDefaultPolicyDF1E6607",
        "StateMachineRoleB840431D"
      ]
    }
  },
  "Outputs": {
    "StateMachineArn": {
      "Value": {
        "Ref": "StateMachine2E01A3A5"
      }
    }
  }
}