[
  {
    "Resources": {
      "MyBucketF68F3FF0": {
        "Type": "AWS::S3::Bucket",
        "UpdateReplacePolicy": "Delete",
        "DeletionPolicy": "Delete"
      },
      "ProducerStackMyBucketBA95DEFF": {
        "Type": "AWS::SSM::Parameter",
        "Properties": {
          "description": "Created by ProducerStack",
          "name": "/cdk/ProducerStack/Arn",
          "type": "String",
          "value": {
            "Fn::GetAtt": [
              "MyBucketF68F3FF0",
              "Arn"
            ]
          }
        }
      }
    }
  },
  {
    "Resources": {
      "MyUserDC45028B": {
        "Type": "AWS::IAM::User"
      },
      "MyUserDefaultPolicy7B897426": {
        "Type": "AWS::IAM::Policy",
        "Properties": {
          "PolicyDocument": {
            "Statement": [
              {
                "Action": [
                  "s3:GetObject*",
                  "s3:GetBucket*",
                  "s3:List*",
                  "s3:DeleteObject*",
                  "s3:PutObject",
                  "s3:Abort*"
                ],
                "Effect": "Allow",
                "Resource": [
                  {
                    "Ref": "ProducerStackMyBucketBA95DEFF"
                  },
                  {
                    "Fn::Join": [
                      "",
                      [
                        {
                          "Ref": "ProducerStackMyBucketBA95DEFF"
                        },
                        "/*"
                      ]
                    ]
                  }
                ]
              }
            ],
            "Version": "2012-10-17"
          },
          "PolicyName": "MyUserDefaultPolicy7B897426",
          "Users": [
            {
              "Ref": "MyUserDC45028B"
            }
          ]
        }
      }
    },
    "Parameters": {
      "ProducerStackMyBucketBA95DEFF": {
        "Type": "AWS::SSM::Parameter::Value<String>",
        "Default": "/cdk/ProducerStack/Arn"
      }
    }
  }
]