{
  "Resources": {
    "MyHttpApi8AEAAC21": {
      "Type": "AWS::ApiGatewayV2::Api",
      "Properties": {
        "Name": "MyHttpApi",
        "ProtocolType": "HTTP"
      }
    },
    "MyHttpApiDefaultStageDCB9BC49": {
      "Type": "AWS::ApiGatewayV2::Stage",
      "Properties": {
        "ApiId": {
          "Ref": "MyHttpApi8AEAAC21"
        },
        "StageName": "$default",
        "AutoDeploy": true
      }
    },
    "MyHttpApiGETIAMAuthorizerIntegMyHttpApiGET271B2CE5PermissionE3A1E0E1": {
      "Type": "AWS::Lambda::Permission",
      "Properties": {
        "Action": "lambda:InvokeFunction",
        "FunctionName": {
          "Fn::GetAtt": [
            "lambda8B5974B5",
            "Arn"
          ]
        },
        "Principal": "apigateway.amazonaws.com",
        "SourceArn": {
          "Fn::Join": [
            "",
            [
              "arn:",
              {
                "Ref": "AWS::Partition"
              },
              ":execute-api:",
              {
                "Ref": "AWS::Region"
              },
              ":",
              {
                "Ref": "AWS::AccountId"
              },
              ":",
              {
                "Ref": "MyHttpApi8AEAAC21"
              },
              "/*/*/"
            ]
          ]
        }
      }
    },
    "MyHttpApiGETHttpIntegration6f095b8469365f72e33fa33d9711b140516EBE31": {
      "Type": "AWS::ApiGatewayV2::Integration",
      "Properties": {
        "ApiId": {
          "Ref": "MyHttpApi8AEAAC21"
        },
        "IntegrationType": "AWS_PROXY",
        "IntegrationUri": {
          "Fn::GetAtt": [
            "lambda8B5974B5",
            "Arn"
          ]
        },
        "PayloadFormatVersion": "2.0"
      }
    },
    "MyHttpApiGETE0EFC6F8": {
      "Type": "AWS::ApiGatewayV2::Route",
      "Properties": {
        "ApiId": {
          "Ref": "MyHttpApi8AEAAC21"
        },
        "RouteKey": "GET /",
        "AuthorizationType": "AWS_IAM",
        "Target": {
          "Fn::Join": [
            "",
            [
              "integrations/",
              {
                "Ref": "MyHttpApiGETHttpIntegration6f095b8469365f72e33fa33d9711b140516EBE31"
              }
            ]
          ]
        }
      }
    },
    "lambdaServiceRole494E4CA6": {
      "Type": "AWS::IAM::Role",
      "Properties": {
        "AssumeRolePolicyDocument": {
          "Statement": [
            {
              "Action": "sts:AssumeRole",
              "Effect": "Allow",
              "Principal": {
                "Service": "lambda.amazonaws.com"
              }
            }
          ],
          "Version": "2012-10-17"
        },
        "ManagedPolicyArns": [
          {
            "Fn::Join": [
              "",
              [
                "arn:",
                {
                  "Ref": "AWS::Partition"
                },
                ":iam::aws:policy/service-role/AWSLambdaBasicExecutionRole"
              ]
            ]
          }
        ]
      }
    },
    "lambda8B5974B5": {
      "Type": "AWS::Lambda::Function",
      "Properties": {
        "Code": {
          "S3Bucket": {
            "Ref": "AssetParameters1fd1c15cb7d5e2e36a11745fd10b4b7c3ca8eb30642b41954630413d2b913cdaS3Bucket2E6D85D3"
          },
          "S3Key": {
            "Fn::Join": [
              "",
              [
                {
                  "Fn::Select": [
                    0,
                    {
                      "Fn::Split": [
                        "||",
                        {
                          "Ref": "AssetParameters1fd1c15cb7d5e2e36a11745fd10b4b7c3ca8eb30642b41954630413d2b913cdaS3VersionKey22B8E7C6"
                        }
                      ]
                    }
                  ]
                },
                {
                  "Fn::Select": [
                    1,
                    {
                      "Fn::Split": [
                        "||",
                        {
                          "Ref": "AssetParameters1fd1c15cb7d5e2e36a11745fd10b4b7c3ca8eb30642b41954630413d2b913cdaS3VersionKey22B8E7C6"
                        }
                      ]
                    }
                  ]
                }
              ]
            ]
          }
        },
        "Role": {
          "Fn::GetAtt": [
            "lambdaServiceRole494E4CA6",
            "Arn"
          ]
        },
        "Handler": "index.handler",
        "Runtime": "nodejs12.x"
      },
      "DependsOn": [
        "lambdaServiceRole494E4CA6"
      ]
    },
    "testuser14267055": {
      "Type": "AWS::IAM::User",
      "Properties": {
        "ManagedPolicyArns": [
          {
            "Fn::Join": [
              "",
              [
                "arn:",
                {
                  "Ref": "AWS::Partition"
                },
                ":iam::aws:policy/AmazonAPIGatewayInvokeFullAccess"
              ]
            ]
          }
        ]
      }
    },
    "accesskey": {
      "Type": "AWS::IAM::AccessKey",
      "Properties": {
        "UserName": {
          "Ref": "testuser14267055"
        }
      }
    }
  },
  "Parameters": {
    "AssetParameters1fd1c15cb7d5e2e36a11745fd10b4b7c3ca8eb30642b41954630413d2b913cdaS3Bucket2E6D85D3": {
      "Type": "String",
      "Description": "S3 bucket for asset \"1fd1c15cb7d5e2e36a11745fd10b4b7c3ca8eb30642b41954630413d2b913cda\""
    },
    "AssetParameters1fd1c15cb7d5e2e36a11745fd10b4b7c3ca8eb30642b41954630413d2b913cdaS3VersionKey22B8E7C6": {
      "Type": "String",
      "Description": "S3 key for asset version \"1fd1c15cb7d5e2e36a11745fd10b4b7c3ca8eb30642b41954630413d2b913cda\""
    },
    "AssetParameters1fd1c15cb7d5e2e36a11745fd10b4b7c3ca8eb30642b41954630413d2b913cdaArtifactHash82A279EA": {
      "Type": "String",
      "Description": "Artifact hash for asset \"1fd1c15cb7d5e2e36a11745fd10b4b7c3ca8eb30642b41954630413d2b913cda\""
    }
  },
  "Outputs": {
    "apiurl": {
      "Value": {
        "Fn::Join": [
          "",
          [
            "https://",
            {
              "Ref": "MyHttpApi8AEAAC21"
            },
            ".execute-api.",
            {
              "Ref": "AWS::Region"
            },
            ".",
            {
              "Ref": "AWS::URLSuffix"
            },
            "/"
          ]
        ]
      }
    },
    "accesskey": {
      "Value": {
        "Ref": "accesskey"
      }
    },
    "secretaccesskey": {
      "Value": {
        "Fn::GetAtt": [
          "accesskey",
          "SecretAccessKey"
        ]
      }
    }
  }
}