{
  "Resources": {
    "Bucket83908E77": {
      "Type": "AWS::S3::Bucket",
      "UpdateReplacePolicy": "Retain",
      "DeletionPolicy": "Retain"
    },
    "DeploymentAwsCliLayerB82B26A3": {
      "Type": "AWS::Lambda::LayerVersion",
      "Properties": {
        "Content": {
          "S3Bucket": {
            "Ref": "AssetParameterse9882ab123687399f934da0d45effe675ecc8ce13b40cb946f3e1d6141fe8d68S3BucketAEADE8C7"
          },
          "S3Key": {
            "Fn::Join": [
              "",
              [
                {
                  "Fn::Select": [
                    0,
                    {
                      "Fn::Split": [
                        "||",
                        {
                          "Ref": "AssetParameterse9882ab123687399f934da0d45effe675ecc8ce13b40cb946f3e1d6141fe8d68S3VersionKeyE415415F"
                        }
                      ]
                    }
                  ]
                },
                {
                  "Fn::Select": [
                    1,
                    {
                      "Fn::Split": [
                        "||",
                        {
                          "Ref": "AssetParameterse9882ab123687399f934da0d45effe675ecc8ce13b40cb946f3e1d6141fe8d68S3VersionKeyE415415F"
                        }
                      ]
                    }
                  ]
                }
              ]
            ]
          }
        },
        "Description": "/opt/awscli/aws"
      }
    },
    "DeploymentCustomResource47E8B2E6": {
      "Type": "Custom::CDKBucketDeployment",
      "Properties": {
        "ServiceToken": {
          "Fn::GetAtt": [
            "CustomCDKBucketDeployment8693BB64968944B69AAFB0CC9EB8756C81C01536",
            "Arn"
          ]
        },
        "SourceBucketNames": [
          {
            "Ref": "AssetParametersb992f63060ba4c133b570cf40cfa6de68c51be1602c01b98b62a979b9101ac36S3Bucket78902FE5"
          }
        ],
        "SourceObjectKeys": [
          {
            "Fn::Join": [
              "",
              [
                {
                  "Fn::Select": [
                    0,
                    {
                      "Fn::Split": [
                        "||",
                        {
                          "Ref": "AssetParametersb992f63060ba4c133b570cf40cfa6de68c51be1602c01b98b62a979b9101ac36S3VersionKey8E2C4986"
                        }
                      ]
                    }
                  ]
                },
                {
                  "Fn::Select": [
                    1,
                    {
                      "Fn::Split": [
                        "||",
                        {
                          "Ref": "AssetParametersb992f63060ba4c133b570cf40cfa6de68c51be1602c01b98b62a979b9101ac36S3VersionKey8E2C4986"
                        }
                      ]
                    }
                  ]
                }
              ]
            ]
          }
        ],
        "DestinationBucketName": {
          "Ref": "Bucket83908E77"
        },
        "Prune": true
      },
      "UpdateReplacePolicy": "Delete",
      "DeletionPolicy": "Delete"
    },
    "CustomCDKBucketDeployment8693BB64968944B69AAFB0CC9EB8756CServiceRole89A01265": {
      "Type": "AWS::IAM::Role",
      "Properties": {
        "AssumeRolePolicyDocument": {
          "Statement": [
            {
              "Action": "sts:AssumeRole",
              "Effect": "Allow",
              "Principal": {
                "Service": "lambda.amazonaws.com"
              }
            }
          ],
          "Version": "2012-10-17"
        },
        "ManagedPolicyArns": [
          {
            "Fn::Join": [
              "",
              [
                "arn:",
                {
                  "Ref": "AWS::Partition"
                },
                ":iam::aws:policy/service-role/AWSLambdaBasicExecutionRole"
              ]
            ]
          }
        ]
      }
    },
    "CustomCDKBucketDeployment8693BB64968944B69AAFB0CC9EB8756CServiceRoleDefaultPolicy88902FDF": {
      "Type": "AWS::IAM::Policy",
      "Properties": {
        "PolicyDocument": {
          "Statement": [
            {
              "Action": [
                "s3:GetObject*",
                "s3:GetBucket*",
                "s3:List*"
              ],
              "Effect": "Allow",
              "Resource": [
                {
                  "Fn::Join": [
                    "",
                    [
                      "arn:",
                      {
                        "Ref": "AWS::Partition"
                      },
                      ":s3:::",
                      {
                        "Ref": "AssetParametersb992f63060ba4c133b570cf40cfa6de68c51be1602c01b98b62a979b9101ac36S3Bucket78902FE5"
                      }
                    ]
                  ]
                },
                {
                  "Fn::Join": [
                    "",
                    [
                      "arn:",
                      {
                        "Ref": "AWS::Partition"
                      },
                      ":s3:::",
                      {
                        "Ref": "AssetParametersb992f63060ba4c133b570cf40cfa6de68c51be1602c01b98b62a979b9101ac36S3Bucket78902FE5"
                      },
                      "/*"
                    ]
                  ]
                }
              ]
            },
            {
              "Action": [
                "s3:GetObject*",
                "s3:GetBucket*",
                "s3:List*",
                "s3:DeleteObject*",
                "s3:PutObject",
                "s3:Abort*"
              ],
              "Effect": "Allow",
              "Resource": [
                {
                  "Fn::GetAtt": [
                    "Bucket83908E77",
                    "Arn"
                  ]
                },
                {
                  "Fn::Join": [
                    "",
                    [
                      {
                        "Fn::GetAtt": [
                          "Bucket83908E77",
                          "Arn"
                        ]
                      },
                      "/*"
                    ]
                  ]
                }
              ]
            }
          ],
          "Version": "2012-10-17"
        },
        "PolicyName": "CustomCDKBucketDeployment8693BB64968944B69AAFB0CC9EB8756CServiceRoleDefaultPolicy88902FDF",
        "Roles": [
          {
            "Ref": "CustomCDKBucketDeployment8693BB64968944B69AAFB0CC9EB8756CServiceRole89A01265"
          }
        ]
      }
    },
    "CustomCDKBucketDeployment8693BB64968944B69AAFB0CC9EB8756C81C01536": {
      "Type": "AWS::Lambda::Function",
      "Properties": {
        "Code": {
          "S3Bucket": {
            "Ref": "AssetParametersc24b999656e4fe6c609c31bae56a1cf4717a405619c3aa6ba1bc686b8c2c86cfS3Bucket55EFA30C"
          },
          "S3Key": {
            "Fn::Join": [
              "",
              [
                {
                  "Fn::Select": [
                    0,
                    {
                      "Fn::Split": [
                        "||",
                        {
                          "Ref": "AssetParametersc24b999656e4fe6c609c31bae56a1cf4717a405619c3aa6ba1bc686b8c2c86cfS3VersionKey60329B70"
                        }
                      ]
                    }
                  ]
                },
                {
                  "Fn::Select": [
                    1,
                    {
                      "Fn::Split": [
                        "||",
                        {
                          "Ref": "AssetParametersc24b999656e4fe6c609c31bae56a1cf4717a405619c3aa6ba1bc686b8c2c86cfS3VersionKey60329B70"
                        }
                      ]
                    }
                  ]
                }
              ]
            ]
          }
        },
        "Role": {
          "Fn::GetAtt": [
            "CustomCDKBucketDeployment8693BB64968944B69AAFB0CC9EB8756CServiceRole89A01265",
            "Arn"
          ]
        },
        "Handler": "index.handler",
        "Layers": [
          {
            "Ref": "DeploymentAwsCliLayerB82B26A3"
          }
        ],
        "Runtime": "python3.6",
        "Timeout": 900
      },
      "DependsOn": [
        "CustomCDKBucketDeployment8693BB64968944B69AAFB0CC9EB8756CServiceRoleDefaultPolicy88902FDF",
        "CustomCDKBucketDeployment8693BB64968944B69AAFB0CC9EB8756CServiceRole89A01265"
      ]
    },
    "ApiF70053CD": {
      "Type": "AWS::AppSync::GraphQLApi",
      "Properties": {
        "AuthenticationType": "API_KEY",
        "Name": "integ-test-s3"
      },
      "DependsOn": [
        "DeploymentAwsCliLayerB82B26A3",
        "DeploymentCustomResource47E8B2E6"
      ]
    },
    "ApiSchema510EECD7": {
      "Type": "AWS::AppSync::GraphQLSchema",
      "Properties": {
        "ApiId": {
          "Fn::GetAtt": [
            "ApiF70053CD",
            "ApiId"
          ]
        },
        "DefinitionS3Location": {
          "Fn::Join": [
            "",
            [
              "s3://",
              {
                "Ref": "Bucket83908E77"
              },
              "/appsync.test.graphql"
            ]
          ]
        }
      },
      "DependsOn": [
        "DeploymentAwsCliLayerB82B26A3",
        "DeploymentCustomResource47E8B2E6"
      ]
    },
    "ApiDefaultApiKeyF991C37B": {
      "Type": "AWS::AppSync::ApiKey",
      "Properties": {
        "ApiId": {
          "Fn::GetAtt": [
            "ApiF70053CD",
            "ApiId"
          ]
        }
      },
      "DependsOn": [
        "ApiSchema510EECD7",
        "DeploymentAwsCliLayerB82B26A3",
        "DeploymentCustomResource47E8B2E6"
      ]
    },
    "ApitestDataSourceServiceRoleACBC3F3D": {
      "Type": "AWS::IAM::Role",
      "Properties": {
        "AssumeRolePolicyDocument": {
          "Statement": [
            {
              "Action": "sts:AssumeRole",
              "Effect": "Allow",
              "Principal": {
                "Service": "appsync.amazonaws.com"
              }
            }
          ],
          "Version": "2012-10-17"
        }
      },
      "DependsOn": [
        "DeploymentAwsCliLayerB82B26A3",
        "DeploymentCustomResource47E8B2E6"
      ]
    },
    "ApitestDataSourceServiceRoleDefaultPolicy897CD912": {
      "Type": "AWS::IAM::Policy",
      "Properties": {
        "PolicyDocument": {
          "Statement": [
            {
              "Action": [
                "dynamodb:BatchGetItem",
                "dynamodb:GetRecords",
                "dynamodb:GetShardIterator",
                "dynamodb:Query",
                "dynamodb:GetItem",
                "dynamodb:Scan",
                "dynamodb:ConditionCheckItem",
                "dynamodb:BatchWriteItem",
                "dynamodb:PutItem",
                "dynamodb:UpdateItem",
                "dynamodb:DeleteItem"
              ],
              "Effect": "Allow",
              "Resource": [
                {
                  "Fn::GetAtt": [
                    "TestTable5769773A",
                    "Arn"
                  ]
                },
                {
                  "Ref": "AWS::NoValue"
                }
              ]
            }
          ],
          "Version": "2012-10-17"
        },
        "PolicyName": "ApitestDataSourceServiceRoleDefaultPolicy897CD912",
        "Roles": [
          {
            "Ref": "ApitestDataSourceServiceRoleACBC3F3D"
          }
        ]
      },
      "DependsOn": [
        "DeploymentAwsCliLayerB82B26A3",
        "DeploymentCustomResource47E8B2E6"
      ]
    },
    "ApitestDataSource96AE54D5": {
      "Type": "AWS::AppSync::DataSource",
      "Properties": {
        "ApiId": {
          "Fn::GetAtt": [
            "ApiF70053CD",
            "ApiId"
          ]
        },
        "Name": "testDataSource",
        "Type": "AMAZON_DYNAMODB",
        "DynamoDBConfig": {
          "AwsRegion": {
            "Ref": "AWS::Region"
          },
          "TableName": {
            "Ref": "TestTable5769773A"
          }
        },
        "ServiceRoleArn": {
          "Fn::GetAtt": [
            "ApitestDataSourceServiceRoleACBC3F3D",
            "Arn"
          ]
        }
      },
      "DependsOn": [
        "DeploymentAwsCliLayerB82B26A3",
        "DeploymentCustomResource47E8B2E6"
      ]
    },
    "ApitestDataSourceQuerygetTestsResolverA3BBB672": {
      "Type": "AWS::AppSync::Resolver",
      "Properties": {
        "ApiId": {
          "Fn::GetAtt": [
            "ApiF70053CD",
            "ApiId"
          ]
        },
        "FieldName": "getTests",
        "TypeName": "Query",
        "DataSourceName": "testDataSource",
        "Kind": "UNIT",
        "RequestMappingTemplate": "{\"version\" : \"2017-02-28\", \"operation\" : \"Scan\"}",
        "ResponseMappingTemplate": "$util.toJson($ctx.result.items)"
      },
      "DependsOn": [
        "ApiSchema510EECD7",
        "ApitestDataSource96AE54D5",
        "DeploymentAwsCliLayerB82B26A3",
        "DeploymentCustomResource47E8B2E6"
      ]
    },
    "TestTable5769773A": {
      "Type": "AWS::DynamoDB::Table",
      "Properties": {
        "KeySchema": [
          {
            "AttributeName": "id",
            "KeyType": "HASH"
          }
        ],
        "AttributeDefinitions": [
          {
            "AttributeName": "id",
            "AttributeType": "S"
          }
        ],
        "BillingMode": "PAY_PER_REQUEST"
      },
      "UpdateReplacePolicy": "Delete",
      "DeletionPolicy": "Delete"
    }
  },
  "Parameters": {
    "AssetParameterse9882ab123687399f934da0d45effe675ecc8ce13b40cb946f3e1d6141fe8d68S3BucketAEADE8C7": {
      "Type": "String",
      "Description": "S3 bucket for asset \"e9882ab123687399f934da0d45effe675ecc8ce13b40cb946f3e1d6141fe8d68\""
    },
    "AssetParameterse9882ab123687399f934da0d45effe675ecc8ce13b40cb946f3e1d6141fe8d68S3VersionKeyE415415F": {
      "Type": "String",
      "Description": "S3 key for asset version \"e9882ab123687399f934da0d45effe675ecc8ce13b40cb946f3e1d6141fe8d68\""
    },
    "AssetParameterse9882ab123687399f934da0d45effe675ecc8ce13b40cb946f3e1d6141fe8d68ArtifactHashD9A515C3": {
      "Type": "String",
      "Description": "Artifact hash for asset \"e9882ab123687399f934da0d45effe675ecc8ce13b40cb946f3e1d6141fe8d68\""
    },
    "AssetParametersc24b999656e4fe6c609c31bae56a1cf4717a405619c3aa6ba1bc686b8c2c86cfS3Bucket55EFA30C": {
      "Type": "String",
      "Description": "S3 bucket for asset \"c24b999656e4fe6c609c31bae56a1cf4717a405619c3aa6ba1bc686b8c2c86cf\""
    },
    "AssetParametersc24b999656e4fe6c609c31bae56a1cf4717a405619c3aa6ba1bc686b8c2c86cfS3VersionKey60329B70": {
      "Type": "String",
      "Description": "S3 key for asset version \"c24b999656e4fe6c609c31bae56a1cf4717a405619c3aa6ba1bc686b8c2c86cf\""
    },
    "AssetParametersc24b999656e4fe6c609c31bae56a1cf4717a405619c3aa6ba1bc686b8c2c86cfArtifactHash85F58E48": {
      "Type": "String",
      "Description": "Artifact hash for asset \"c24b999656e4fe6c609c31bae56a1cf4717a405619c3aa6ba1bc686b8c2c86cf\""
    },
    "AssetParametersb992f63060ba4c133b570cf40cfa6de68c51be1602c01b98b62a979b9101ac36S3Bucket78902FE5": {
      "Type": "String",
      "Description": "S3 bucket for asset \"b992f63060ba4c133b570cf40cfa6de68c51be1602c01b98b62a979b9101ac36\""
    },
    "AssetParametersb992f63060ba4c133b570cf40cfa6de68c51be1602c01b98b62a979b9101ac36S3VersionKey8E2C4986": {
      "Type": "String",
      "Description": "S3 key for asset version \"b992f63060ba4c133b570cf40cfa6de68c51be1602c01b98b62a979b9101ac36\""
    },
    "AssetParametersb992f63060ba4c133b570cf40cfa6de68c51be1602c01b98b62a979b9101ac36ArtifactHash1B2D3167": {
      "Type": "String",
      "Description": "Artifact hash for asset \"b992f63060ba4c133b570cf40cfa6de68c51be1602c01b98b62a979b9101ac36\""
    }
  }
}