{
  "Resources": {
    "MyStateMachineRoleD59FFEBC": {
      "Type": "AWS::IAM::Role",
      "Properties": {
        "AssumeRolePolicyDocument": {
          "Statement": [
            {
              "Action": "sts:AssumeRole",
              "Effect": "Allow",
              "Principal": {
                "Service": {
                  "Fn::Join": [
                    "",
                    [
                      "states.",
                      {
                        "Ref": "AWS::Region"
                      },
                      ".amazonaws.com"
                    ]
                  ]
                }
              }
            }
          ],
          "Version": "2012-10-17"
        }
      }
    },
    "MyStateMachine6C968CA5": {
      "Type": "AWS::StepFunctions::StateMachine",
      "Properties": {
        "RoleArn": {
          "Fn::GetAtt": [
            "MyStateMachineRoleD59FFEBC",
            "Arn"
          ]
        },
        "DefinitionString": "{\"StartAt\":\"Pass\",\"States\":{\"Pass\":{\"Type\":\"Pass\",\"End\":true}}}",
        "StateMachineType": "STANDARD"
      },
      "DependsOn": [
        "MyStateMachineRoleD59FFEBC"
      ]
    },
    "AwsIntegrationApi1AEE0491": {
      "Type": "AWS::ApiGatewayV2::Api",
      "Properties": {
        "Name": "AwsIntegrationApi",
        "ProtocolType": "HTTP"
      }
    },
    "AwsIntegrationApiDefaultRouteRole281F5707": {
      "Type": "AWS::IAM::Role",
      "Properties": {
        "AssumeRolePolicyDocument": {
          "Statement": [
            {
              "Action": "sts:AssumeRole",
              "Effect": "Allow",
              "Principal": {
                "Service": "apigateway.amazonaws.com"
              }
            }
          ],
          "Version": "2012-10-17"
        }
      }
    },
    "AwsIntegrationApiDefaultRouteRoleDefaultPolicyB4A9E1ED": {
      "Type": "AWS::IAM::Policy",
      "Properties": {
        "PolicyDocument": {
          "Statement": [
            {
              "Action": "states:StartExecution",
              "Effect": "Allow",
              "Resource": {
                "Ref": "MyStateMachine6C968CA5"
              }
            }
          ],
          "Version": "2012-10-17"
        },
        "PolicyName": "AwsIntegrationApiDefaultRouteRoleDefaultPolicyB4A9E1ED",
        "Roles": [
          {
            "Ref": "AwsIntegrationApiDefaultRouteRole281F5707"
          }
        ]
      }
    },
    "AwsIntegrationApiDefaultRouteHttpIntegration537920e78a2bcc139296f1727fb9aebf9BA3DE24": {
      "Type": "AWS::ApiGatewayV2::Integration",
      "Properties": {
        "ApiId": {
          "Ref": "AwsIntegrationApi1AEE0491"
        },
        "IntegrationType": "AWS_PROXY",
        "CredentialsArn": {
          "Fn::GetAtt": [
            "AwsIntegrationApiDefaultRouteRole281F5707",
            "Arn"
          ]
        },
        "IntegrationSubtype": "StepFunctions-StartExecution",
        "PayloadFormatVersion": "1.0",
        "RequestParameters": {
          "StateMachineArn": {
            "Ref": "MyStateMachine6C968CA5"
          },
          "Input": "$request.body.input"
        }
      }
    },
    "AwsIntegrationApiDefaultRouteF019925B": {
      "Type": "AWS::ApiGatewayV2::Route",
      "Properties": {
        "ApiId": {
          "Ref": "AwsIntegrationApi1AEE0491"
        },
        "RouteKey": "$default",
        "Target": {
          "Fn::Join": [
            "",
            [
              "integrations/",
              {
                "Ref": "AwsIntegrationApiDefaultRouteHttpIntegration537920e78a2bcc139296f1727fb9aebf9BA3DE24"
              }
            ]
          ]
        }
      }
    },
    "AwsIntegrationApiDefaultStageDFAEF224": {
      "Type": "AWS::ApiGatewayV2::Stage",
      "Properties": {
        "ApiId": {
          "Ref": "AwsIntegrationApi1AEE0491"
        },
        "StageName": "$default",
        "AutoDeploy": true
      }
    }
  },
  "Outputs": {
    "Endpoint": {
      "Value": {
        "Fn::Join": [
          "",
          [
            "https://",
            {
              "Ref": "AwsIntegrationApi1AEE0491"
            },
            ".execute-api.",
            {
              "Ref": "AWS::Region"
            },
            ".",
            {
              "Ref": "AWS::URLSuffix"
            },
            "/"
          ]
        ]
      }
    }
  }
}