{
  "Resources": {
    "EventBus7B8748AA": {
      "Type": "AWS::Events::EventBus",
      "Properties": {
        "Name": "integeventbridgeproxyEventBus554075B3"
      }
    },
    "EventBridgeProxyApi73E23498": {
      "Type": "AWS::ApiGatewayV2::Api",
      "Properties": {
        "Name": "EventBridgeProxyApi",
        "ProtocolType": "HTTP"
      }
    },
    "EventBridgeProxyApiDefaultRouteEventBridgeIntegrationRole3A0AD809": {
      "Type": "AWS::IAM::Role",
      "Properties": {
        "AssumeRolePolicyDocument": {
          "Statement": [
            {
              "Action": "sts:AssumeRole",
              "Effect": "Allow",
              "Principal": {
                "Service": "apigateway.amazonaws.com"
              }
            }
          ],
          "Version": "2012-10-17"
        },
        "Description": "Role for API Gateway to publish Events"
      }
    },
    "EventBridgeProxyApiDefaultRouteEventBridgeIntegrationRoleDefaultPolicy3589E340": {
      "Type": "AWS::IAM::Policy",
      "Properties": {
        "PolicyDocument": {
          "Statement": [
            {
              "Action": "events:PutEvents",
              "Effect": "Allow",
              "Resource": {
                "Fn::GetAtt": [
                  "EventBus7B8748AA",
                  "Arn"
                ]
              }
            }
          ],
          "Version": "2012-10-17"
        },
        "PolicyName": "EventBridgeProxyApiDefaultRouteEventBridgeIntegrationRoleDefaultPolicy3589E340",
        "Roles": [
          {
            "Ref": "EventBridgeProxyApiDefaultRouteEventBridgeIntegrationRole3A0AD809"
          }
        ]
      }
    },
    "EventBridgeProxyApiDefaultRoute7A237CAD": {
      "Type": "AWS::ApiGatewayV2::Route",
      "Properties": {
        "ApiId": {
          "Ref": "EventBridgeProxyApi73E23498"
        },
        "RouteKey": "$default",
        "AuthorizationScopes": [],
        "Target": {
          "Fn::Join": [
            "",
            [
              "integrations/",
              {
                "Ref": "EventBridgeProxyApiDefaultRouteHttpIntegrationb62e88a58be37f7ea08ce64ef6029d4a761DFA56"
              }
            ]
          ]
        }
      }
    },
    "EventBridgeProxyApiDefaultRouteHttpIntegrationb62e88a58be37f7ea08ce64ef6029d4a761DFA56": {
      "Type": "AWS::ApiGatewayV2::Integration",
      "Properties": {
        "ApiId": {
          "Ref": "EventBridgeProxyApi73E23498"
        },
        "IntegrationType": "AWS_PROXY",
        "ConnectionType": "INTERNET",
        "CredentialsArn": {
          "Fn::GetAtt": [
            "EventBridgeProxyApiDefaultRouteEventBridgeIntegrationRole3A0AD809",
            "Arn"
          ]
        },
        "IntegrationSubtype": "EventBridge-PutEvents",
        "PayloadFormatVersion": "1.0",
        "RequestParameters": {
          "Detail": "$request.body.result",
          "DetailType": "$request.body.description",
          "EventBusName": {
            "Ref": "EventBus7B8748AA"
          },
          "Source": "test",
          "Time": "$context.requestTimeEpoch"
        }
      }
    },
    "EventBridgeProxyApiDefaultStage642846E1": {
      "Type": "AWS::ApiGatewayV2::Stage",
      "Properties": {
        "ApiId": {
          "Ref": "EventBridgeProxyApi73E23498"
        },
        "StageName": "$default",
        "AutoDeploy": true
      }
    }
  },
  "Outputs": {
    "Endpoint": {
      "Value": {
        "Fn::Join": [
          "",
          [
            "https://",
            {
              "Ref": "EventBridgeProxyApi73E23498"
            },
            ".execute-api.",
            {
              "Ref": "AWS::Region"
            },
            ".",
            {
              "Ref": "AWS::URLSuffix"
            },
            "/"
          ]
        ]
      }
    }
  }
}
