{
  "Resources": {
    "TestRole6C9272DF": {
      "Type": "AWS::IAM::Role",
      "Properties": {
        "AssumeRolePolicyDocument": {
          "Statement": [
            {
              "Action": "sts:AssumeRole",
              "Effect": "Allow",
              "Principal": {
                "AWS": {
                  "Fn::Join": [
                    "",
                    [
                      "arn:",
                      {
                        "Ref": "AWS::Partition"
                      },
                      ":iam::",
                      {
                        "Ref": "AWS::AccountId"
                      },
                      ":root"
                    ]
                  ]
                }
              }
            }
          ],
          "Version": "2012-10-17"
        }
      }
    },
    "TestGroupAF88660E": {
      "Type": "AWS::IAM::Group"
    },
    "TestPortfolio4AC794EB": {
      "Type": "AWS::ServiceCatalog::Portfolio",
      "Properties": {
        "DisplayName": "TestPortfolio",
        "ProviderName": "TestProvider",
        "AcceptLanguage": "en",
        "Description": "This is our Service Catalog Portfolio"
      }
    },
    "TestPortfolioPortolioPrincipalAssociation20e1afa20ac27E1A060D": {
      "Type": "AWS::ServiceCatalog::PortfolioPrincipalAssociation",
      "Properties": {
        "PortfolioId": {
          "Ref": "TestPortfolio4AC794EB"
        },
        "PrincipalARN": {
          "Fn::GetAtt": [
            "TestRole6C9272DF",
            "Arn"
          ]
        },
        "PrincipalType": "IAM"
      }
    },
    "TestPortfolioPortolioPrincipalAssociation44a1ca1c23384D6E460B": {
      "Type": "AWS::ServiceCatalog::PortfolioPrincipalAssociation",
      "Properties": {
        "PortfolioId": {
          "Ref": "TestPortfolio4AC794EB"
        },
        "PrincipalARN": {
          "Fn::GetAtt": [
            "TestGroupAF88660E",
            "Arn"
          ]
        },
        "PrincipalType": "IAM"
      }
    },
    "TestPortfolioPortfolioSharebf5b82f042508F035880": {
      "Type": "AWS::ServiceCatalog::PortfolioShare",
      "Properties": {
        "AccountId": "123456789012",
        "PortfolioId": {
          "Ref": "TestPortfolio4AC794EB"
        }
      }
    },
    "TestPortfolioPortfolioProductAssociationa0185761d231B0D998A7": {
      "Type": "AWS::ServiceCatalog::PortfolioProductAssociation",
      "Properties": {
        "PortfolioId": {
          "Ref": "TestPortfolio4AC794EB"
        },
        "ProductId": {
          "Ref": "TestProduct7606930B"
        }
      }
    },
    "TestPortfolioResourceUpdateConstrainta0185761d231AB0EAAE0": {
      "Type": "AWS::ServiceCatalog::ResourceUpdateConstraint",
      "Properties": {
        "PortfolioId": {
          "Ref": "TestPortfolio4AC794EB"
        },
        "ProductId": {
          "Ref": "TestProduct7606930B"
        },
        "TagUpdateOnProvisionedProduct": "ALLOWED"
      },
      "DependsOn": [
        "TestPortfolioPortfolioProductAssociationa0185761d231B0D998A7"
      ]
    },
    "TestPortfolioLaunchNotificationConstraint177f7a17cc920269D7A5": {
      "Type": "AWS::ServiceCatalog::LaunchNotificationConstraint",
      "Properties": {
        "NotificationArns": [
          {
            "Ref": "Topic198E71B3E"
          }
        ],
        "PortfolioId": {
          "Ref": "TestPortfolio4AC794EB"
        },
        "ProductId": {
          "Ref": "TestProduct7606930B"
        }
      },
      "DependsOn": [
        "TestPortfolioPortfolioProductAssociationa0185761d231B0D998A7"
      ]
    },
    "TestPortfolioLaunchNotificationConstraintbb8276cabdbf6C57454B": {
      "Type": "AWS::ServiceCatalog::LaunchNotificationConstraint",
      "Properties": {
        "NotificationArns": [
          {
            "Ref": "Topic269377B75"
          }
        ],
        "PortfolioId": {
          "Ref": "TestPortfolio4AC794EB"
        },
        "ProductId": {
          "Ref": "TestProduct7606930B"
        }
      },
      "DependsOn": [
        "TestPortfolioPortfolioProductAssociationa0185761d231B0D998A7"
      ]
    },
    "TestPortfolioLaunchNotificationConstraint33147fa9fb6e1F5CF9BA": {
      "Type": "AWS::ServiceCatalog::LaunchNotificationConstraint",
      "Properties": {
        "NotificationArns": [
          {
            "Ref": "Topic3DEAE47A7"
          }
        ],
        "PortfolioId": {
          "Ref": "TestPortfolio4AC794EB"
        },
        "ProductId": {
          "Ref": "TestProduct7606930B"
        }
      },
      "DependsOn": [
        "TestPortfolioPortfolioProductAssociationa0185761d231B0D998A7"
      ]
    },
    "TestPortfolioLaunchNotificationConstraint637de3424f24E7D044EA": {
      "Type": "AWS::ServiceCatalog::LaunchNotificationConstraint",
      "Properties": {
        "NotificationArns": [
          {
            "Ref": "specialTopic7664DE4C"
          }
        ],
        "PortfolioId": {
          "Ref": "TestPortfolio4AC794EB"
        },
        "ProductId": {
          "Ref": "TestProduct7606930B"
        },
        "AcceptLanguage": "en",
        "Description": "special topic description"
      },
      "DependsOn": [
        "TestPortfolioPortfolioProductAssociationa0185761d231B0D998A7"
      ]
    },
    "TestProduct7606930B": {
      "Type": "AWS::ServiceCatalog::CloudFormationProduct",
      "Properties": {
        "Name": "testProduct",
        "Owner": "testOwner",
        "ProvisioningArtifactParameters": [
          {
            "DisableTemplateValidation": true,
            "Info": {
              "LoadTemplateFromURL": "https://awsdocs.s3.amazonaws.com/servicecatalog/development-environment.template"
            }
          }
        ]
      }
    },
    "Topic198E71B3E": {
      "Type": "AWS::SNS::Topic"
    },
    "Topic269377B75": {
      "Type": "AWS::SNS::Topic"
    },
    "Topic3DEAE47A7": {
      "Type": "AWS::SNS::Topic"
    },
    "specialTopic7664DE4C": {
      "Type": "AWS::SNS::Topic"
    }
  }
}