[
  {
    "Resources": {
      "MyKey6AB29FA6": {
        "Type": "AWS::KMS::Key",
        "Properties": {
          "KeyPolicy": {
            "Statement": [
              {
                "Action": "kms:*",
                "Effect": "Allow",
                "Principal": {
                  "AWS": {
                    "Fn::Join": [
                      "",
                      [
                        "arn:",
                        {
                          "Ref": "AWS::Partition"
                        },
                        ":iam::",
                        {
                          "Ref": "AWS::AccountId"
                        },
                        ":root"
                      ]
                    ]
                  }
                },
                "Resource": "*"
              }
            ],
            "Version": "2012-10-17"
          }
        },
        "UpdateReplacePolicy": "Delete",
        "DeletionPolicy": "Delete"
      },
      "KeyStackMyKey27DD23B5": {
        "Type": "AWS::SSM::Parameter",
        "Properties": {
          "description": "Created by KeyStack",
          "name": "/cdk/KeyStack/Arn",
          "type": "String",
          "value": {
            "Fn::GetAtt": [
              "MyKey6AB29FA6",
              "Arn"
            ]
          }
        }
      }
    }
  },
  {
    "Resources": {
      "Alias325C5727": {
        "Type": "AWS::KMS::Alias",
        "Properties": {
          "AliasName": "alias/foo",
          "TargetKeyId": {
            "Ref": "KeyStackMyKey27DD23B5"
          }
        }
      }
    },
    "Parameters": {
      "KeyStackMyKey27DD23B5": {
        "Type": "AWS::SSM::Parameter::Value<String>",
        "Default": "/cdk/KeyStack/Arn"
      }
    }
  }
]