{
  "Resources": {
    "DomainMasterUserBFAFA7D9": {
      "Type": "AWS::SecretsManager::Secret",
      "Properties": {
        "GenerateSecretString": {
          "ExcludeCharacters": "{}'\\*[]()`",
          "GenerateStringKey": "password",
          "SecretStringTemplate": "{\"username\":\"admin\"}"
        }
      }
    },
    "Domain66AC69E0": {
      "Type": "AWS::Elasticsearch::Domain",
      "Properties": {
        "AdvancedSecurityOptions": {
          "Enabled": true,
          "InternalUserDatabaseEnabled": true,
          "MasterUserOptions": {
            "MasterUserName": "admin",
            "MasterUserPassword": {
              "Fn::Join": [
                "",
                [
                  "{{resolve:secretsmanager:",
                  {
                    "Ref": "DomainMasterUserBFAFA7D9"
                  },
                  ":SecretString:password::}}"
                ]
              ]
            }
          }
        },
        "CognitoOptions": {
          "Enabled": false
        },
        "DomainEndpointOptions": {
          "EnforceHTTPS": true,
          "TLSSecurityPolicy": "Policy-Min-TLS-1-0-2019-07"
        },
        "EBSOptions": {
          "EBSEnabled": true,
          "VolumeSize": 10,
          "VolumeType": "gp2"
        },
        "ElasticsearchClusterConfig": {
          "DedicatedMasterEnabled": false,
          "InstanceCount": 1,
          "InstanceType": "r5.large.elasticsearch",
          "ZoneAwarenessEnabled": false
        },
        "ElasticsearchVersion": "7.1",
        "EncryptionAtRestOptions": {
          "Enabled": true
        },
        "LogPublishingOptions": {},
        "NodeToNodeEncryptionOptions": {
          "Enabled": true
        }
      },
      "UpdateReplacePolicy": "Delete",
      "DeletionPolicy": "Delete"
    },
    "DomainESAccessPolicyCustomResourcePolicy9747FC42": {
      "Type": "AWS::IAM::Policy",
      "Properties": {
        "PolicyDocument": {
          "Statement": [
            {
              "Action": "es:UpdateElasticsearchDomainConfig",
              "Effect": "Allow",
              "Resource": {
                "Fn::GetAtt": [
                  "Domain66AC69E0",
                  "Arn"
                ]
              }
            }
          ],
          "Version": "2012-10-17"
        },
        "PolicyName": "DomainESAccessPolicyCustomResourcePolicy9747FC42",
        "Roles": [
          {
            "Ref": "AWS679f53fac002430cb0da5b7982bd2287ServiceRoleC1EA0FF2"
          }
        ]
      },
      "DependsOn": [
        "Domain66AC69E0"
      ]
    },
    "DomainESAccessPolicy89986F33": {
      "Type": "Custom::ElasticsearchAccessPolicy",
      "Properties": {
        "ServiceToken": {
          "Fn::GetAtt": [
            "AWS679f53fac002430cb0da5b7982bd22872D164C4C",
            "Arn"
          ]
        },
        "Create": {
          "Fn::Join": [
            "",
            [
              "{\"action\":\"updateElasticsearchDomainConfig\",\"service\":\"ES\",\"parameters\":{\"DomainName\":\"",
              {
                "Ref": "Domain66AC69E0"
              },
              "\",\"AccessPolicies\":\"{\\\"Statement\\\":[{\\\"Action\\\":\\\"es:ESHttp*\\\",\\\"Effect\\\":\\\"Allow\\\",\\\"Principal\\\":\\\"*\\\",\\\"Resource\\\":\\\"",
              {
                "Fn::GetAtt": [
                  "Domain66AC69E0",
                  "Arn"
                ]
              },
              "/*\\\"}],\\\"Version\\\":\\\"2012-10-17\\\"}\"},\"outputPath\":\"DomainConfig.ElasticsearchClusterConfig.AccessPolicies\",\"physicalResourceId\":{\"id\":\"",
              {
                "Ref": "Domain66AC69E0"
              },
              "AccessPolicy\"}}"
            ]
          ]
        },
        "Update": {
          "Fn::Join": [
            "",
            [
              "{\"action\":\"updateElasticsearchDomainConfig\",\"service\":\"ES\",\"parameters\":{\"DomainName\":\"",
              {
                "Ref": "Domain66AC69E0"
              },
              "\",\"AccessPolicies\":\"{\\\"Statement\\\":[{\\\"Action\\\":\\\"es:ESHttp*\\\",\\\"Effect\\\":\\\"Allow\\\",\\\"Principal\\\":\\\"*\\\",\\\"Resource\\\":\\\"",
              {
                "Fn::GetAtt": [
                  "Domain66AC69E0",
                  "Arn"
                ]
              },
              "/*\\\"}],\\\"Version\\\":\\\"2012-10-17\\\"}\"},\"outputPath\":\"DomainConfig.ElasticsearchClusterConfig.AccessPolicies\",\"physicalResourceId\":{\"id\":\"",
              {
                "Ref": "Domain66AC69E0"
              },
              "AccessPolicy\"}}"
            ]
          ]
        },
        "InstallLatestAwsSdk": true
      },
      "DependsOn": [
        "DomainESAccessPolicyCustomResourcePolicy9747FC42",
        "Domain66AC69E0"
      ],
      "UpdateReplacePolicy": "Delete",
      "DeletionPolicy": "Delete"
    },
    "AWS679f53fac002430cb0da5b7982bd2287ServiceRoleC1EA0FF2": {
      "Type": "AWS::IAM::Role",
      "Properties": {
        "AssumeRolePolicyDocument": {
          "Statement": [
            {
              "Action": "sts:AssumeRole",
              "Effect": "Allow",
              "Principal": {
                "Service": "lambda.amazonaws.com"
              }
            }
          ],
          "Version": "2012-10-17"
        },
        "ManagedPolicyArns": [
          {
            "Fn::Join": [
              "",
              [
                "arn:",
                {
                  "Ref": "AWS::Partition"
                },
                ":iam::aws:policy/service-role/AWSLambdaBasicExecutionRole"
              ]
            ]
          }
        ]
      }
    },
    "AWS679f53fac002430cb0da5b7982bd22872D164C4C": {
      "Type": "AWS::Lambda::Function",
      "Properties": {
        "Code": {
          "S3Bucket": {
            "Ref": "AssetParameters185f2b5a6196d451b8cfa7c94e81d10c66dbb1113ef37ae9684fe435811fdc18S3BucketE28B2E4D"
          },
          "S3Key": {
            "Fn::Join": [
              "",
              [
                {
                  "Fn::Select": [
                    0,
                    {
                      "Fn::Split": [
                        "||",
                        {
                          "Ref": "AssetParameters185f2b5a6196d451b8cfa7c94e81d10c66dbb1113ef37ae9684fe435811fdc18S3VersionKey469B0C03"
                        }
                      ]
                    }
                  ]
                },
                {
                  "Fn::Select": [
                    1,
                    {
                      "Fn::Split": [
                        "||",
                        {
                          "Ref": "AssetParameters185f2b5a6196d451b8cfa7c94e81d10c66dbb1113ef37ae9684fe435811fdc18S3VersionKey469B0C03"
                        }
                      ]
                    }
                  ]
                }
              ]
            ]
          }
        },
        "Role": {
          "Fn::GetAtt": [
            "AWS679f53fac002430cb0da5b7982bd2287ServiceRoleC1EA0FF2",
            "Arn"
          ]
        },
        "Handler": "index.handler",
        "Runtime": "nodejs12.x",
        "Timeout": 120
      },
      "DependsOn": [
        "AWS679f53fac002430cb0da5b7982bd2287ServiceRoleC1EA0FF2"
      ]
    }
  },
  "Parameters": {
    "AssetParameters185f2b5a6196d451b8cfa7c94e81d10c66dbb1113ef37ae9684fe435811fdc18S3BucketE28B2E4D": {
      "Type": "String",
      "Description": "S3 bucket for asset \"185f2b5a6196d451b8cfa7c94e81d10c66dbb1113ef37ae9684fe435811fdc18\""
    },
    "AssetParameters185f2b5a6196d451b8cfa7c94e81d10c66dbb1113ef37ae9684fe435811fdc18S3VersionKey469B0C03": {
      "Type": "String",
      "Description": "S3 key for asset version \"185f2b5a6196d451b8cfa7c94e81d10c66dbb1113ef37ae9684fe435811fdc18\""
    },
    "AssetParameters185f2b5a6196d451b8cfa7c94e81d10c66dbb1113ef37ae9684fe435811fdc18ArtifactHash5840654C": {
      "Type": "String",
      "Description": "Artifact hash for asset \"185f2b5a6196d451b8cfa7c94e81d10c66dbb1113ef37ae9684fe435811fdc18\""
    }
  }
}