{
  "Parameters": {
    "PrincipalTag": {
      "Type": "String",
      "Default": "developer"
    },
    "AssetParametersd7d53d0887e054feb00c6f14d967bc2b9447122ea4eb63e6b40b26b8f5bd5ebdS3BucketBC741F92": {
      "Type": "String",
      "Description": "S3 bucket for asset \"d7d53d0887e054feb00c6f14d967bc2b9447122ea4eb63e6b40b26b8f5bd5ebd\""
    },
    "AssetParametersd7d53d0887e054feb00c6f14d967bc2b9447122ea4eb63e6b40b26b8f5bd5ebdS3VersionKey8D24857D": {
      "Type": "String",
      "Description": "S3 key for asset version \"d7d53d0887e054feb00c6f14d967bc2b9447122ea4eb63e6b40b26b8f5bd5ebd\""
    },
    "AssetParametersd7d53d0887e054feb00c6f14d967bc2b9447122ea4eb63e6b40b26b8f5bd5ebdArtifactHash113E6DD8": {
      "Type": "String",
      "Description": "Artifact hash for asset \"d7d53d0887e054feb00c6f14d967bc2b9447122ea4eb63e6b40b26b8f5bd5ebd\""
    }
  },
  "Resources": {
    "PrincipalTagCondition94CCB594": {
      "Type": "Custom::AWSCDKCfnJson",
      "Properties": {
        "ServiceToken": {
          "Fn::GetAtt": [
            "AWSCDKCfnUtilsProviderCustomResourceProviderHandlerCF82AA57",
            "Arn"
          ]
        },
        "Value": {
          "Fn::Join": [
            "",
            [
              "{\"aws:PrincipalTag/",
              {
                "Ref": "PrincipalTag"
              },
              "\":\"true\"}"
            ]
          ]
        }
      },
      "UpdateReplacePolicy": "Delete",
      "DeletionPolicy": "Delete"
    },
    "AWSCDKCfnUtilsProviderCustomResourceProviderRoleFE0EE867": {
      "Type": "AWS::IAM::Role",
      "Properties": {
        "AssumeRolePolicyDocument": {
          "Version": "2012-10-17",
          "Statement": [
            {
              "Action": "sts:AssumeRole",
              "Effect": "Allow",
              "Principal": {
                "Service": "lambda.amazonaws.com"
              }
            }
          ]
        },
        "ManagedPolicyArns": [
          {
            "Fn::Sub": "arn:${AWS::Partition}:iam::aws:policy/service-role/AWSLambdaBasicExecutionRole"
          }
        ]
      }
    },
    "AWSCDKCfnUtilsProviderCustomResourceProviderHandlerCF82AA57": {
      "Type": "AWS::Lambda::Function",
      "Properties": {
        "Code": {
          "S3Bucket": {
            "Ref": "AssetParametersd7d53d0887e054feb00c6f14d967bc2b9447122ea4eb63e6b40b26b8f5bd5ebdS3BucketBC741F92"
          },
          "S3Key": {
            "Fn::Join": [
              "",
              [
                {
                  "Fn::Select": [
                    0,
                    {
                      "Fn::Split": [
                        "||",
                        {
                          "Ref": "AssetParametersd7d53d0887e054feb00c6f14d967bc2b9447122ea4eb63e6b40b26b8f5bd5ebdS3VersionKey8D24857D"
                        }
                      ]
                    }
                  ]
                },
                {
                  "Fn::Select": [
                    1,
                    {
                      "Fn::Split": [
                        "||",
                        {
                          "Ref": "AssetParametersd7d53d0887e054feb00c6f14d967bc2b9447122ea4eb63e6b40b26b8f5bd5ebdS3VersionKey8D24857D"
                        }
                      ]
                    }
                  ]
                }
              ]
            ]
          }
        },
        "Timeout": 900,
        "MemorySize": 128,
        "Handler": "__entrypoint__.handler",
        "Role": {
          "Fn::GetAtt": [
            "AWSCDKCfnUtilsProviderCustomResourceProviderRoleFE0EE867",
            "Arn"
          ]
        },
        "Runtime": "nodejs12.x"
      },
      "DependsOn": [
        "AWSCDKCfnUtilsProviderCustomResourceProviderRoleFE0EE867"
      ]
    },
    "MyRoleF48FFE04": {
      "Type": "AWS::IAM::Role",
      "Properties": {
        "AssumeRolePolicyDocument": {
          "Statement": [
            {
              "Action": "sts:AssumeRole",
              "Condition": {
                "StringEquals": {
                  "Fn::GetAtt": [
                    "PrincipalTagCondition94CCB594",
                    "Value"
                  ]
                }
              },
              "Effect": "Allow",
              "Principal": {
                "AWS": {
                  "Fn::Join": [
                    "",
                    [
                      "arn:",
                      {
                        "Ref": "AWS::Partition"
                      },
                      ":iam::",
                      {
                        "Ref": "AWS::AccountId"
                      },
                      ":root"
                    ]
                  ]
                }
              }
            }
          ],
          "Version": "2012-10-17"
        }
      }
    }
  }
}