{
  "Resources": {
    "MyTopic86869434": {
      "Type": "AWS::SNS::Topic"
    },
    "MyTopicPolicy12A5EC17": {
      "Type": "AWS::SNS::TopicPolicy",
      "Properties": {
        "PolicyDocument": {
          "Statement": [
            {
              "Action": "sns:Publish",
              "Effect": "Allow",
              "Principal": {
                "Service": "iot.amazonaws.com"
              },
              "Resource": {
                "Ref": "MyTopic86869434"
              },
              "Sid": "0"
            }
          ],
          "Version": "2012-10-17"
        },
        "Topics": [
          {
            "Ref": "MyTopic86869434"
          }
        ]
      }
    },
    "DownstreamTopicBE449D24": {
      "Type": "AWS::IoT::TopicRule",
      "Properties": {
        "TopicRulePayload": {
          "Actions": [
            {
              "Sns": {
                "MessageFormat": "RAW",
                "RoleArn": {
                  "Fn::GetAtt": [
                    "DownstreamTopicAllowIotB0ED12F8",
                    "Arn"
                  ]
                },
                "TargetArn": {
                  "Ref": "MyTopic86869434"
                }
              }
            }
          ],
          "AwsIotSqlVersion": "2015-10-08",
          "RuleDisabled": false,
          "Sql": "SELECT teapots FROM 'inventory'"
        }
      }
    },
    "DownstreamTopicAllowIotB0ED12F8": {
      "Type": "AWS::IAM::Role",
      "Properties": {
        "AssumeRolePolicyDocument": {
          "Statement": [
            {
              "Action": "sts:AssumeRole",
              "Effect": "Allow",
              "Principal": {
                "Service": "iot.amazonaws.com"
              }
            }
          ],
          "Version": "2012-10-17"
        }
      }
    },
    "MyRepublishTopicRuleD870AE64": {
      "Type": "AWS::IoT::TopicRule",
      "Properties": {
        "TopicRulePayload": {
          "Actions": [
            {
              "Republish": {
                "Qos": 0,
                "RoleArn": {
                  "Fn::GetAtt": [
                    "MyRepublishTopicRuleAllowIotE447F1AF",
                    "Arn"
                  ]
                },
                "Topic": "inventory"
              }
            }
          ],
          "AwsIotSqlVersion": "2015-10-08",
          "RuleDisabled": false,
          "Sql": "SELECT teapots FROM 'coffee/shop'"
        }
      }
    },
    "MyRepublishTopicRuleAllowIotE447F1AF": {
      "Type": "AWS::IAM::Role",
      "Properties": {
        "AssumeRolePolicyDocument": {
          "Statement": [
            {
              "Action": "sts:AssumeRole",
              "Effect": "Allow",
              "Principal": {
                "Service": "iot.amazonaws.com"
              }
            }
          ],
          "Version": "2012-10-17"
        }
      }
    },
    "MyRepublishTopicRuleAllowIotDefaultPolicy0E6BCB09": {
      "Type": "AWS::IAM::Policy",
      "Properties": {
        "PolicyDocument": {
          "Statement": [
            {
              "Action": "iot:Publish",
              "Effect": "Allow",
              "Resource": {
                "Fn::Join": [
                  "",
                  [
                    "arn:",
                    {
                      "Ref": "AWS::Partition"
                    },
                    ":iot:",
                    {
                      "Ref": "AWS::Region"
                    },
                    ":",
                    {
                      "Ref": "AWS::AccountId"
                    },
                    ":topic/inventory"
                  ]
                ]
              }
            }
          ],
          "Version": "2012-10-17"
        },
        "PolicyName": "MyRepublishTopicRuleAllowIotDefaultPolicy0E6BCB09",
        "Roles": [
          {
            "Ref": "MyRepublishTopicRuleAllowIotE447F1AF"
          }
        ]
      }
    }
  }
}