[
  {
    "Resources": {
      "MyTopic86869434": {
        "Type": "AWS::SNS::Topic"
      },
      "neststacksrefs1producerMyTopic7AD84A67": {
        "Type": "AWS::SSM::Parameter",
        "Properties": {
          "description": "Created by nest-stacks-refs1-producer",
          "name": "/cdk/nest-stacks-refs1-producer/TopicName",
          "type": "String",
          "value": {
            "Fn::GetAtt": [
              "MyTopic86869434",
              "TopicName"
            ]
          }
        }
      }
    }
  },
  {
    "Resources": {
      "Nested1NestedStackNested1NestedStackResourceCD0AD36B": {
        "Type": "AWS::CloudFormation::Stack",
        "Properties": {
          "TemplateURL": {
            "Fn::Join": [
              "",
              [
                "https://s3.",
                {
                  "Ref": "AWS::Region"
                },
                ".",
                {
                  "Ref": "AWS::URLSuffix"
                },
                "/",
                {
                  "Ref": "AssetParametersddcee8eb9285d8dbfc801bfe1d0469cc1b61988a8046d42b87a308d64422280dS3Bucket2F95B1E5"
                },
                "/",
                {
                  "Fn::Select": [
                    0,
                    {
                      "Fn::Split": [
                        "||",
                        {
                          "Ref": "AssetParametersddcee8eb9285d8dbfc801bfe1d0469cc1b61988a8046d42b87a308d64422280dS3VersionKey7243AD56"
                        }
                      ]
                    }
                  ]
                },
                {
                  "Fn::Select": [
                    1,
                    {
                      "Fn::Split": [
                        "||",
                        {
                          "Ref": "AssetParametersddcee8eb9285d8dbfc801bfe1d0469cc1b61988a8046d42b87a308d64422280dS3VersionKey7243AD56"
                        }
                      ]
                    }
                  ]
                }
              ]
            ]
          }
        },
        "UpdateReplacePolicy": "Delete",
        "DeletionPolicy": "Delete"
      }
    },
    "Parameters": {
      "AssetParametersddcee8eb9285d8dbfc801bfe1d0469cc1b61988a8046d42b87a308d64422280dS3Bucket2F95B1E5": {
        "Type": "String",
        "Description": "S3 bucket for asset \"ddcee8eb9285d8dbfc801bfe1d0469cc1b61988a8046d42b87a308d64422280d\""
      },
      "AssetParametersddcee8eb9285d8dbfc801bfe1d0469cc1b61988a8046d42b87a308d64422280dS3VersionKey7243AD56": {
        "Type": "String",
        "Description": "S3 key for asset version \"ddcee8eb9285d8dbfc801bfe1d0469cc1b61988a8046d42b87a308d64422280d\""
      },
      "AssetParametersddcee8eb9285d8dbfc801bfe1d0469cc1b61988a8046d42b87a308d64422280dArtifactHashE817E067": {
        "Type": "String",
        "Description": "Artifact hash for asset \"ddcee8eb9285d8dbfc801bfe1d0469cc1b61988a8046d42b87a308d64422280d\""
      }
    }
  }
]