[
  {
    "Resources": {
      "Nested1NestedStackNested1NestedStackResourceCD0AD36B": {
        "Type": "AWS::CloudFormation::Stack",
        "Properties": {
          "TemplateURL": {
            "Fn::Join": [
              "",
              [
                "https://s3.",
                {
                  "Ref": "AWS::Region"
                },
                ".",
                {
                  "Ref": "AWS::URLSuffix"
                },
                "/",
                {
                  "Ref": "AssetParameters89ace718d1ec985253be4d688a4632c5f15e28247cedbf99a756c83096315883S3Bucket88569758"
                },
                "/",
                {
                  "Fn::Select": [
                    0,
                    {
                      "Fn::Split": [
                        "||",
                        {
                          "Ref": "AssetParameters89ace718d1ec985253be4d688a4632c5f15e28247cedbf99a756c83096315883S3VersionKey2661E5B6"
                        }
                      ]
                    }
                  ]
                },
                {
                  "Fn::Select": [
                    1,
                    {
                      "Fn::Split": [
                        "||",
                        {
                          "Ref": "AssetParameters89ace718d1ec985253be4d688a4632c5f15e28247cedbf99a756c83096315883S3VersionKey2661E5B6"
                        }
                      ]
                    }
                  ]
                }
              ]
            ]
          }
        },
        "UpdateReplacePolicy": "Delete",
        "DeletionPolicy": "Delete"
      },
      "nestedstacksrefs2parentwithproducerNested1NestedStackNested1NestedStackResourceAAD006FA": {
        "Type": "AWS::SSM::Parameter",
        "Properties": {
          "description": "Created by nested-stacks-refs2-parent-with-producer",
          "name": "/cdk/nested-stacks-refs2-parent-with-producer/Outputs.nestedstacksrefs2parentwithproducerNested1MyTopic9E26C363TopicName",
          "type": "String",
          "value": {
            "Fn::GetAtt": [
              "Nested1NestedStackNested1NestedStackResourceCD0AD36B",
              "Outputs.nestedstacksrefs2parentwithproducerNested1MyTopic9E26C363TopicName"
            ]
          }
        }
      }
    },
    "Parameters": {
      "AssetParameters89ace718d1ec985253be4d688a4632c5f15e28247cedbf99a756c83096315883S3Bucket88569758": {
        "Type": "String",
        "Description": "S3 bucket for asset \"89ace718d1ec985253be4d688a4632c5f15e28247cedbf99a756c83096315883\""
      },
      "AssetParameters89ace718d1ec985253be4d688a4632c5f15e28247cedbf99a756c83096315883S3VersionKey2661E5B6": {
        "Type": "String",
        "Description": "S3 key for asset version \"89ace718d1ec985253be4d688a4632c5f15e28247cedbf99a756c83096315883\""
      },
      "AssetParameters89ace718d1ec985253be4d688a4632c5f15e28247cedbf99a756c83096315883ArtifactHashF75589EB": {
        "Type": "String",
        "Description": "Artifact hash for asset \"89ace718d1ec985253be4d688a4632c5f15e28247cedbf99a756c83096315883\""
      }
    }
  },
  {
    "Resources": {
      "ConsumerTopic6F402371": {
        "Type": "AWS::SNS::Topic",
        "Properties": {
          "DisplayName": {
            "Fn::Join": [
              "",
              [
                "Consuming ",
                {
                  "Fn::Select": [
                    2,
                    {
                      "Fn::Split": [
                        "-",
                        {
                          "Ref": "nestedstacksrefs2parentwithproducerNested1NestedStackNested1NestedStackResourceAAD006FA"
                        }
                      ]
                    }
                  ]
                }
              ]
            ]
          }
        }
      }
    },
    "Parameters": {
      "nestedstacksrefs2parentwithproducerNested1NestedStackNested1NestedStackResourceAAD006FA": {
        "Type": "AWS::SSM::Parameter::Value<String>",
        "Default": "/cdk/nested-stacks-refs2-parent-with-producer/Outputs.nestedstacksrefs2parentwithproducerNested1MyTopic9E26C363TopicName"
      }
    }
  }
]