{
  "Resources": {
    "TableCD117FA1": {
      "Type": "AWS::DynamoDB::Table",
      "Properties": {
        "KeySchema": [
          {
            "AttributeName": "id",
            "KeyType": "HASH"
          }
        ],
        "AttributeDefinitions": [
          {
            "AttributeName": "id",
            "AttributeType": "S"
          },
          {
            "AttributeName": "key",
            "AttributeType": "S"
          }
        ],
        "BillingMode": "PAY_PER_REQUEST",
        "GlobalSecondaryIndexes": [
          {
            "IndexName": "my-index",
            "KeySchema": [
              {
                "AttributeName": "key",
                "KeyType": "HASH"
              }
            ],
            "Projection": {
              "ProjectionType": "ALL"
            }
          }
        ],
        "StreamSpecification": {
          "StreamViewType": "NEW_AND_OLD_IMAGES"
        }
      },
      "UpdateReplacePolicy": "Delete",
      "DeletionPolicy": "Delete"
    },
    "TableSourceTableAttachedManagedPolicycdkdynamodbglobal20191121awscdkawsdynamodbReplicaProviderOnEventHandlerServiceRole6F43DF4A23250B4C": {
      "Type": "AWS::IAM::ManagedPolicy",
      "Properties": {
        "PolicyDocument": {
          "Statement": [
            {
              "Action": "dynamodb:*",
              "Effect": "Allow",
              "Resource": [
                {
                  "Fn::GetAtt": [
                    "TableCD117FA1",
                    "Arn"
                  ]
                },
                {
                  "Fn::Join": [
                    "",
                    [
                      {
                        "Fn::GetAtt": [
                          "TableCD117FA1",
                          "Arn"
                        ]
                      },
                      "/index/*"
                    ]
                  ]
                }
              ]
            },
            {
              "Action": "dynamodb:*",
              "Effect": "Allow",
              "Resource": [
                {
                  "Fn::Join": [
                    "",
                    [
                      "arn:",
                      {
                        "Ref": "AWS::Partition"
                      },
                      ":dynamodb:eu-west-2:",
                      {
                        "Ref": "AWS::AccountId"
                      },
                      ":table/",
                      {
                        "Ref": "TableCD117FA1"
                      }
                    ]
                  ]
                },
                {
                  "Fn::Join": [
                    "",
                    [
                      "arn:",
                      {
                        "Ref": "AWS::Partition"
                      },
                      ":dynamodb:eu-central-1:",
                      {
                        "Ref": "AWS::AccountId"
                      },
                      ":table/",
                      {
                        "Ref": "TableCD117FA1"
                      }
                    ]
                  ]
                }
              ]
            }
          ],
          "Version": "2012-10-17"
        },
        "Description": {
          "Fn::Join": [
            "",
            [
              "DynamoDB replication managed policy for table ",
              {
                "Ref": "TableCD117FA1"
              }
            ]
          ]
        },
        "Path": "/",
        "Roles": [
          {
            "Fn::GetAtt": [
              "awscdkawsdynamodbReplicaProviderNestedStackawscdkawsdynamodbReplicaProviderNestedStackResource18E3F12D",
              "Outputs.cdkdynamodbglobal20191121awscdkawsdynamodbReplicaProviderOnEventHandlerServiceRole3E8625F3Ref"
            ]
          }
        ]
      }
    },
    "TableSourceTableAttachedManagedPolicycdkdynamodbglobal20191121awscdkawsdynamodbReplicaProviderIsCompleteHandlerServiceRole3971612857304880": {
      "Type": "AWS::IAM::ManagedPolicy",
      "Properties": {
        "PolicyDocument": {
          "Statement": [
            {
              "Action": "dynamodb:DescribeTable",
              "Effect": "Allow",
              "Resource": [
                {
                  "Fn::GetAtt": [
                    "TableCD117FA1",
                    "Arn"
                  ]
                },
                {
                  "Fn::Join": [
                    "",
                    [
                      {
                        "Fn::GetAtt": [
                          "TableCD117FA1",
                          "Arn"
                        ]
                      },
                      "/index/*"
                    ]
                  ]
                }
              ]
            }
          ],
          "Version": "2012-10-17"
        },
        "Description": {
          "Fn::Join": [
            "",
            [
              "DynamoDB replication managed policy for table ",
              {
                "Ref": "TableCD117FA1"
              }
            ]
          ]
        },
        "Path": "/",
        "Roles": [
          {
            "Fn::GetAtt": [
              "awscdkawsdynamodbReplicaProviderNestedStackawscdkawsdynamodbReplicaProviderNestedStackResource18E3F12D",
              "Outputs.cdkdynamodbglobal20191121awscdkawsdynamodbReplicaProviderIsCompleteHandlerServiceRole2F936EC4Ref"
            ]
          }
        ]
      }
    },
    "TableReplicaeuwest290D3CD3A": {
      "Type": "Custom::DynamoDBReplica",
      "Properties": {
        "ServiceToken": {
          "Fn::GetAtt": [
            "awscdkawsdynamodbReplicaProviderNestedStackawscdkawsdynamodbReplicaProviderNestedStackResource18E3F12D",
            "Outputs.cdkdynamodbglobal20191121awscdkawsdynamodbReplicaProviderframeworkonEventCFDD0BA0Arn"
          ]
        },
        "TableName": {
          "Ref": "TableCD117FA1"
        },
        "Region": "eu-west-2"
      },
      "DependsOn": [
        "TableSourceTableAttachedManagedPolicycdkdynamodbglobal20191121awscdkawsdynamodbReplicaProviderIsCompleteHandlerServiceRole3971612857304880",
        "TableSourceTableAttachedManagedPolicycdkdynamodbglobal20191121awscdkawsdynamodbReplicaProviderOnEventHandlerServiceRole6F43DF4A23250B4C"
      ],
      "UpdateReplacePolicy": "Delete",
      "DeletionPolicy": "Delete"
    },
    "TableReplicaeucentral100A6A6E0": {
      "Type": "Custom::DynamoDBReplica",
      "Properties": {
        "ServiceToken": {
          "Fn::GetAtt": [
            "awscdkawsdynamodbReplicaProviderNestedStackawscdkawsdynamodbReplicaProviderNestedStackResource18E3F12D",
            "Outputs.cdkdynamodbglobal20191121awscdkawsdynamodbReplicaProviderframeworkonEventCFDD0BA0Arn"
          ]
        },
        "TableName": {
          "Ref": "TableCD117FA1"
        },
        "Region": "eu-central-1"
      },
      "DependsOn": [
        "TableReplicaeuwest290D3CD3A",
        "TableSourceTableAttachedManagedPolicycdkdynamodbglobal20191121awscdkawsdynamodbReplicaProviderIsCompleteHandlerServiceRole3971612857304880",
        "TableSourceTableAttachedManagedPolicycdkdynamodbglobal20191121awscdkawsdynamodbReplicaProviderOnEventHandlerServiceRole6F43DF4A23250B4C"
      ],
      "UpdateReplacePolicy": "Delete",
      "DeletionPolicy": "Delete"
    },
    "awscdkawsdynamodbReplicaProviderNestedStackawscdkawsdynamodbReplicaProviderNestedStackResource18E3F12D": {
      "Type": "AWS::CloudFormation::Stack",
      "Properties": {
        "TemplateURL": {
          "Fn::Join": [
            "",
            [
              "https://s3.eu-west-1.",
              {
                "Ref": "AWS::URLSuffix"
              },
              "/",
              {
                "Ref": "AssetParameters58b7e877f35c73fa007039dab9418316912bfbfa759bea949f20fcbc02e0f2f5S3Bucket79BC0E77"
              },
              "/",
              {
                "Fn::Select": [
                  0,
                  {
                    "Fn::Split": [
                      "||",
                      {
                        "Ref": "AssetParameters58b7e877f35c73fa007039dab9418316912bfbfa759bea949f20fcbc02e0f2f5S3VersionKey5C0BB705"
                      }
                    ]
                  }
                ]
              },
              {
                "Fn::Select": [
                  1,
                  {
                    "Fn::Split": [
                      "||",
                      {
                        "Ref": "AssetParameters58b7e877f35c73fa007039dab9418316912bfbfa759bea949f20fcbc02e0f2f5S3VersionKey5C0BB705"
                      }
                    ]
                  }
                ]
              }
            ]
          ]
        },
        "Parameters": {
          "referencetocdkdynamodbglobal20191121AssetParametersdd0a4ac30ffa331e472caec08a7784ac440d122a6f924b1bea7d48dc85f8f776S3Bucket06999F76Ref": {
            "Ref": "AssetParametersdd0a4ac30ffa331e472caec08a7784ac440d122a6f924b1bea7d48dc85f8f776S3BucketDEBF01E6"
          },
          "referencetocdkdynamodbglobal20191121AssetParametersdd0a4ac30ffa331e472caec08a7784ac440d122a6f924b1bea7d48dc85f8f776S3VersionKey3D988AD7Ref": {
            "Ref": "AssetParametersdd0a4ac30ffa331e472caec08a7784ac440d122a6f924b1bea7d48dc85f8f776S3VersionKey42EBA2AE"
          },
          "referencetocdkdynamodbglobal20191121AssetParameters7909d4c5d225a11c2e6a542ce1e3fd98c5e531bd45bd4147f101460e1c300f03S3Bucket943D67BCRef": {
            "Ref": "AssetParameters7909d4c5d225a11c2e6a542ce1e3fd98c5e531bd45bd4147f101460e1c300f03S3Bucket0934E6B3"
          },
          "referencetocdkdynamodbglobal20191121AssetParameters7909d4c5d225a11c2e6a542ce1e3fd98c5e531bd45bd4147f101460e1c300f03S3VersionKeyF2212F72Ref": {
            "Ref": "AssetParameters7909d4c5d225a11c2e6a542ce1e3fd98c5e531bd45bd4147f101460e1c300f03S3VersionKey318FB1D1"
          }
        }
      },
      "UpdateReplacePolicy": "Delete",
      "DeletionPolicy": "Delete"
    }
  },
  "Parameters": {
    "AssetParametersdd0a4ac30ffa331e472caec08a7784ac440d122a6f924b1bea7d48dc85f8f776S3BucketDEBF01E6": {
      "Type": "String",
      "Description": "S3 bucket for asset \"dd0a4ac30ffa331e472caec08a7784ac440d122a6f924b1bea7d48dc85f8f776\""
    },
    "AssetParametersdd0a4ac30ffa331e472caec08a7784ac440d122a6f924b1bea7d48dc85f8f776S3VersionKey42EBA2AE": {
      "Type": "String",
      "Description": "S3 key for asset version \"dd0a4ac30ffa331e472caec08a7784ac440d122a6f924b1bea7d48dc85f8f776\""
    },
    "AssetParametersdd0a4ac30ffa331e472caec08a7784ac440d122a6f924b1bea7d48dc85f8f776ArtifactHash692B4CCE": {
      "Type": "String",
      "Description": "Artifact hash for asset \"dd0a4ac30ffa331e472caec08a7784ac440d122a6f924b1bea7d48dc85f8f776\""
    },
    "AssetParameters7909d4c5d225a11c2e6a542ce1e3fd98c5e531bd45bd4147f101460e1c300f03S3Bucket0934E6B3": {
      "Type": "String",
      "Description": "S3 bucket for asset \"7909d4c5d225a11c2e6a542ce1e3fd98c5e531bd45bd4147f101460e1c300f03\""
    },
    "AssetParameters7909d4c5d225a11c2e6a542ce1e3fd98c5e531bd45bd4147f101460e1c300f03S3VersionKey318FB1D1": {
      "Type": "String",
      "Description": "S3 key for asset version \"7909d4c5d225a11c2e6a542ce1e3fd98c5e531bd45bd4147f101460e1c300f03\""
    },
    "AssetParameters7909d4c5d225a11c2e6a542ce1e3fd98c5e531bd45bd4147f101460e1c300f03ArtifactHashEBC5841F": {
      "Type": "String",
      "Description": "Artifact hash for asset \"7909d4c5d225a11c2e6a542ce1e3fd98c5e531bd45bd4147f101460e1c300f03\""
    },
    "AssetParameters58b7e877f35c73fa007039dab9418316912bfbfa759bea949f20fcbc02e0f2f5S3Bucket79BC0E77": {
      "Type": "String",
      "Description": "S3 bucket for asset \"58b7e877f35c73fa007039dab9418316912bfbfa759bea949f20fcbc02e0f2f5\""
    },
    "AssetParameters58b7e877f35c73fa007039dab9418316912bfbfa759bea949f20fcbc02e0f2f5S3VersionKey5C0BB705": {
      "Type": "String",
      "Description": "S3 key for asset version \"58b7e877f35c73fa007039dab9418316912bfbfa759bea949f20fcbc02e0f2f5\""
    },
    "AssetParameters58b7e877f35c73fa007039dab9418316912bfbfa759bea949f20fcbc02e0f2f5ArtifactHash2C28905E": {
      "Type": "String",
      "Description": "Artifact hash for asset \"58b7e877f35c73fa007039dab9418316912bfbfa759bea949f20fcbc02e0f2f5\""
    }
  }
}