{
  "Parameters": {
    "AssetParameters126d48fa0e32fbef5078b9d88658b35ad29d4291eb86675a64c75fa4f1338916S3Bucket575C0F51": {
      "Type": "String",
      "Description": "S3 bucket for asset \"126d48fa0e32fbef5078b9d88658b35ad29d4291eb86675a64c75fa4f1338916\""
    },
    "AssetParameters126d48fa0e32fbef5078b9d88658b35ad29d4291eb86675a64c75fa4f1338916S3VersionKeyCBE9ABAF": {
      "Type": "String",
      "Description": "S3 key for asset version \"126d48fa0e32fbef5078b9d88658b35ad29d4291eb86675a64c75fa4f1338916\""
    },
    "AssetParameters126d48fa0e32fbef5078b9d88658b35ad29d4291eb86675a64c75fa4f1338916ArtifactHashB0F74179": {
      "Type": "String",
      "Description": "Artifact hash for asset \"126d48fa0e32fbef5078b9d88658b35ad29d4291eb86675a64c75fa4f1338916\""
    }
  },
  "Resources": {
    "VPCB9E5F0B4": {
      "Type": "AWS::EC2::VPC",
      "Properties": {
        "CidrBlock": "10.0.0.0/16",
        "EnableDnsHostnames": true,
        "EnableDnsSupport": true,
        "InstanceTenancy": "default",
        "Tags": [
          {
            "Key": "Name",
            "Value": "aws-cdk-sagemaker-model/VPC"
          }
        ]
      }
    },
    "VPCPublicSubnet1SubnetB4246D30": {
      "Type": "AWS::EC2::Subnet",
      "Properties": {
        "CidrBlock": "10.0.0.0/19",
        "VpcId": {
          "Ref": "VPCB9E5F0B4"
        },
        "AvailabilityZone": "test-region-1a",
        "MapPublicIpOnLaunch": true,
        "Tags": [
          {
            "Key": "Name",
            "Value": "aws-cdk-sagemaker-model/VPC/PublicSubnet1"
          },
          {
            "Key": "aws-cdk:subnet-name",
            "Value": "Public"
          },
          {
            "Key": "aws-cdk:subnet-type",
            "Value": "Public"
          }
        ]
      }
    },
    "VPCPublicSubnet1RouteTableFEE4B781": {
      "Type": "AWS::EC2::RouteTable",
      "Properties": {
        "VpcId": {
          "Ref": "VPCB9E5F0B4"
        },
        "Tags": [
          {
            "Key": "Name",
            "Value": "aws-cdk-sagemaker-model/VPC/PublicSubnet1"
          }
        ]
      }
    },
    "VPCPublicSubnet1RouteTableAssociation0B0896DC": {
      "Type": "AWS::EC2::SubnetRouteTableAssociation",
      "Properties": {
        "RouteTableId": {
          "Ref": "VPCPublicSubnet1RouteTableFEE4B781"
        },
        "SubnetId": {
          "Ref": "VPCPublicSubnet1SubnetB4246D30"
        }
      }
    },
    "VPCPublicSubnet1DefaultRoute91CEF279": {
      "Type": "AWS::EC2::Route",
      "Properties": {
        "RouteTableId": {
          "Ref": "VPCPublicSubnet1RouteTableFEE4B781"
        },
        "DestinationCidrBlock": "0.0.0.0/0",
        "GatewayId": {
          "Ref": "VPCIGWB7E252D3"
        }
      },
      "DependsOn": [
        "VPCVPCGW99B986DC"
      ]
    },
    "VPCPublicSubnet1EIP6AD938E8": {
      "Type": "AWS::EC2::EIP",
      "Properties": {
        "Domain": "vpc",
        "Tags": [
          {
            "Key": "Name",
            "Value": "aws-cdk-sagemaker-model/VPC/PublicSubnet1"
          }
        ]
      }
    },
    "VPCPublicSubnet1NATGatewayE0556630": {
      "Type": "AWS::EC2::NatGateway",
      "Properties": {
        "AllocationId": {
          "Fn::GetAtt": [
            "VPCPublicSubnet1EIP6AD938E8",
            "AllocationId"
          ]
        },
        "SubnetId": {
          "Ref": "VPCPublicSubnet1SubnetB4246D30"
        },
        "Tags": [
          {
            "Key": "Name",
            "Value": "aws-cdk-sagemaker-model/VPC/PublicSubnet1"
          }
        ]
      }
    },
    "VPCPublicSubnet2Subnet74179F39": {
      "Type": "AWS::EC2::Subnet",
      "Properties": {
        "CidrBlock": "10.0.32.0/19",
        "VpcId": {
          "Ref": "VPCB9E5F0B4"
        },
        "AvailabilityZone": "test-region-1b",
        "MapPublicIpOnLaunch": true,
        "Tags": [
          {
            "Key": "Name",
            "Value": "aws-cdk-sagemaker-model/VPC/PublicSubnet2"
          },
          {
            "Key": "aws-cdk:subnet-name",
            "Value": "Public"
          },
          {
            "Key": "aws-cdk:subnet-type",
            "Value": "Public"
          }
        ]
      }
    },
    "VPCPublicSubnet2RouteTable6F1A15F1": {
      "Type": "AWS::EC2::RouteTable",
      "Properties": {
        "VpcId": {
          "Ref": "VPCB9E5F0B4"
        },
        "Tags": [
          {
            "Key": "Name",
            "Value": "aws-cdk-sagemaker-model/VPC/PublicSubnet2"
          }
        ]
      }
    },
    "VPCPublicSubnet2RouteTableAssociation5A808732": {
      "Type": "AWS::EC2::SubnetRouteTableAssociation",
      "Properties": {
        "RouteTableId": {
          "Ref": "VPCPublicSubnet2RouteTable6F1A15F1"
        },
        "SubnetId": {
          "Ref": "VPCPublicSubnet2Subnet74179F39"
        }
      }
    },
    "VPCPublicSubnet2DefaultRouteB7481BBA": {
      "Type": "AWS::EC2::Route",
      "Properties": {
        "RouteTableId": {
          "Ref": "VPCPublicSubnet2RouteTable6F1A15F1"
        },
        "DestinationCidrBlock": "0.0.0.0/0",
        "GatewayId": {
          "Ref": "VPCIGWB7E252D3"
        }
      },
      "DependsOn": [
        "VPCVPCGW99B986DC"
      ]
    },
    "VPCPublicSubnet2EIP4947BC00": {
      "Type": "AWS::EC2::EIP",
      "Properties": {
        "Domain": "vpc",
        "Tags": [
          {
            "Key": "Name",
            "Value": "aws-cdk-sagemaker-model/VPC/PublicSubnet2"
          }
        ]
      }
    },
    "VPCPublicSubnet2NATGateway3C070193": {
      "Type": "AWS::EC2::NatGateway",
      "Properties": {
        "AllocationId": {
          "Fn::GetAtt": [
            "VPCPublicSubnet2EIP4947BC00",
            "AllocationId"
          ]
        },
        "SubnetId": {
          "Ref": "VPCPublicSubnet2Subnet74179F39"
        },
        "Tags": [
          {
            "Key": "Name",
            "Value": "aws-cdk-sagemaker-model/VPC/PublicSubnet2"
          }
        ]
      }
    },
    "VPCPublicSubnet3Subnet631C5E25": {
      "Type": "AWS::EC2::Subnet",
      "Properties": {
        "CidrBlock": "10.0.64.0/19",
        "VpcId": {
          "Ref": "VPCB9E5F0B4"
        },
        "AvailabilityZone": "test-region-1c",
        "MapPublicIpOnLaunch": true,
        "Tags": [
          {
            "Key": "Name",
            "Value": "aws-cdk-sagemaker-model/VPC/PublicSubnet3"
          },
          {
            "Key": "aws-cdk:subnet-name",
            "Value": "Public"
          },
          {
            "Key": "aws-cdk:subnet-type",
            "Value": "Public"
          }
        ]
      }
    },
    "VPCPublicSubnet3RouteTable98AE0E14": {
      "Type": "AWS::EC2::RouteTable",
      "Properties": {
        "VpcId": {
          "Ref": "VPCB9E5F0B4"
        },
        "Tags": [
          {
            "Key": "Name",
            "Value": "aws-cdk-sagemaker-model/VPC/PublicSubnet3"
          }
        ]
      }
    },
    "VPCPublicSubnet3RouteTableAssociation427FE0C6": {
      "Type": "AWS::EC2::SubnetRouteTableAssociation",
      "Properties": {
        "RouteTableId": {
          "Ref": "VPCPublicSubnet3RouteTable98AE0E14"
        },
        "SubnetId": {
          "Ref": "VPCPublicSubnet3Subnet631C5E25"
        }
      }
    },
    "VPCPublicSubnet3DefaultRouteA0D29D46": {
      "Type": "AWS::EC2::Route",
      "Properties": {
        "RouteTableId": {
          "Ref": "VPCPublicSubnet3RouteTable98AE0E14"
        },
        "DestinationCidrBlock": "0.0.0.0/0",
        "GatewayId": {
          "Ref": "VPCIGWB7E252D3"
        }
      },
      "DependsOn": [
        "VPCVPCGW99B986DC"
      ]
    },
    "VPCPublicSubnet3EIPAD4BC883": {
      "Type": "AWS::EC2::EIP",
      "Properties": {
        "Domain": "vpc",
        "Tags": [
          {
            "Key": "Name",
            "Value": "aws-cdk-sagemaker-model/VPC/PublicSubnet3"
          }
        ]
      }
    },
    "VPCPublicSubnet3NATGatewayD3048F5C": {
      "Type": "AWS::EC2::NatGateway",
      "Properties": {
        "AllocationId": {
          "Fn::GetAtt": [
            "VPCPublicSubnet3EIPAD4BC883",
            "AllocationId"
          ]
        },
        "SubnetId": {
          "Ref": "VPCPublicSubnet3Subnet631C5E25"
        },
        "Tags": [
          {
            "Key": "Name",
            "Value": "aws-cdk-sagemaker-model/VPC/PublicSubnet3"
          }
        ]
      }
    },
    "VPCPrivateSubnet1Subnet8BCA10E0": {
      "Type": "AWS::EC2::Subnet",
      "Properties": {
        "CidrBlock": "10.0.96.0/19",
        "VpcId": {
          "Ref": "VPCB9E5F0B4"
        },
        "AvailabilityZone": "test-region-1a",
        "MapPublicIpOnLaunch": false,
        "Tags": [
          {
            "Key": "Name",
            "Value": "aws-cdk-sagemaker-model/VPC/PrivateSubnet1"
          },
          {
            "Key": "aws-cdk:subnet-name",
            "Value": "Private"
          },
          {
            "Key": "aws-cdk:subnet-type",
            "Value": "Private"
          }
        ]
      }
    },
    "VPCPrivateSubnet1RouteTableBE8A6027": {
      "Type": "AWS::EC2::RouteTable",
      "Properties": {
        "VpcId": {
          "Ref": "VPCB9E5F0B4"
        },
        "Tags": [
          {
            "Key": "Name",
            "Value": "aws-cdk-sagemaker-model/VPC/PrivateSubnet1"
          }
        ]
      }
    },
    "VPCPrivateSubnet1RouteTableAssociation347902D1": {
      "Type": "AWS::EC2::SubnetRouteTableAssociation",
      "Properties": {
        "RouteTableId": {
          "Ref": "VPCPrivateSubnet1RouteTableBE8A6027"
        },
        "SubnetId": {
          "Ref": "VPCPrivateSubnet1Subnet8BCA10E0"
        }
      }
    },
    "VPCPrivateSubnet1DefaultRouteAE1D6490": {
      "Type": "AWS::EC2::Route",
      "Properties": {
        "RouteTableId": {
          "Ref": "VPCPrivateSubnet1RouteTableBE8A6027"
        },
        "DestinationCidrBlock": "0.0.0.0/0",
        "NatGatewayId": {
          "Ref": "VPCPublicSubnet1NATGatewayE0556630"
        }
      }
    },
    "VPCPrivateSubnet2SubnetCFCDAA7A": {
      "Type": "AWS::EC2::Subnet",
      "Properties": {
        "CidrBlock": "10.0.128.0/19",
        "VpcId": {
          "Ref": "VPCB9E5F0B4"
        },
        "AvailabilityZone": "test-region-1b",
        "MapPublicIpOnLaunch": false,
        "Tags": [
          {
            "Key": "Name",
            "Value": "aws-cdk-sagemaker-model/VPC/PrivateSubnet2"
          },
          {
            "Key": "aws-cdk:subnet-name",
            "Value": "Private"
          },
          {
            "Key": "aws-cdk:subnet-type",
            "Value": "Private"
          }
        ]
      }
    },
    "VPCPrivateSubnet2RouteTable0A19E10E": {
      "Type": "AWS::EC2::RouteTable",
      "Properties": {
        "VpcId": {
          "Ref": "VPCB9E5F0B4"
        },
        "Tags": [
          {
            "Key": "Name",
            "Value": "aws-cdk-sagemaker-model/VPC/PrivateSubnet2"
          }
        ]
      }
    },
    "VPCPrivateSubnet2RouteTableAssociation0C73D413": {
      "Type": "AWS::EC2::SubnetRouteTableAssociation",
      "Properties": {
        "RouteTableId": {
          "Ref": "VPCPrivateSubnet2RouteTable0A19E10E"
        },
        "SubnetId": {
          "Ref": "VPCPrivateSubnet2SubnetCFCDAA7A"
        }
      }
    },
    "VPCPrivateSubnet2DefaultRouteF4F5CFD2": {
      "Type": "AWS::EC2::Route",
      "Properties": {
        "RouteTableId": {
          "Ref": "VPCPrivateSubnet2RouteTable0A19E10E"
        },
        "DestinationCidrBlock": "0.0.0.0/0",
        "NatGatewayId": {
          "Ref": "VPCPublicSubnet2NATGateway3C070193"
        }
      }
    },
    "VPCPrivateSubnet3Subnet3EDCD457": {
      "Type": "AWS::EC2::Subnet",
      "Properties": {
        "CidrBlock": "10.0.160.0/19",
        "VpcId": {
          "Ref": "VPCB9E5F0B4"
        },
        "AvailabilityZone": "test-region-1c",
        "MapPublicIpOnLaunch": false,
        "Tags": [
          {
            "Key": "Name",
            "Value": "aws-cdk-sagemaker-model/VPC/PrivateSubnet3"
          },
          {
            "Key": "aws-cdk:subnet-name",
            "Value": "Private"
          },
          {
            "Key": "aws-cdk:subnet-type",
            "Value": "Private"
          }
        ]
      }
    },
    "VPCPrivateSubnet3RouteTable192186F8": {
      "Type": "AWS::EC2::RouteTable",
      "Properties": {
        "VpcId": {
          "Ref": "VPCB9E5F0B4"
        },
        "Tags": [
          {
            "Key": "Name",
            "Value": "aws-cdk-sagemaker-model/VPC/PrivateSubnet3"
          }
        ]
      }
    },
    "VPCPrivateSubnet3RouteTableAssociationC28D144E": {
      "Type": "AWS::EC2::SubnetRouteTableAssociation",
      "Properties": {
        "RouteTableId": {
          "Ref": "VPCPrivateSubnet3RouteTable192186F8"
        },
        "SubnetId": {
          "Ref": "VPCPrivateSubnet3Subnet3EDCD457"
        }
      }
    },
    "VPCPrivateSubnet3DefaultRoute27F311AE": {
      "Type": "AWS::EC2::Route",
      "Properties": {
        "RouteTableId": {
          "Ref": "VPCPrivateSubnet3RouteTable192186F8"
        },
        "DestinationCidrBlock": "0.0.0.0/0",
        "NatGatewayId": {
          "Ref": "VPCPublicSubnet3NATGatewayD3048F5C"
        }
      }
    },
    "VPCIGWB7E252D3": {
      "Type": "AWS::EC2::InternetGateway",
      "Properties": {
        "Tags": [
          {
            "Key": "Name",
            "Value": "aws-cdk-sagemaker-model/VPC"
          }
        ]
      }
    },
    "VPCVPCGW99B986DC": {
      "Type": "AWS::EC2::VPCGatewayAttachment",
      "Properties": {
        "VpcId": {
          "Ref": "VPCB9E5F0B4"
        },
        "InternetGatewayId": {
          "Ref": "VPCIGWB7E252D3"
        }
      }
    },
    "PrimaryContainerModelSecurityGroup06F42014": {
      "Type": "AWS::EC2::SecurityGroup",
      "Properties": {
        "GroupDescription": "aws-cdk-sagemaker-model/PrimaryContainerModel/SecurityGroup",
        "SecurityGroupEgress": [
          {
            "CidrIp": "0.0.0.0/0",
            "Description": "Allow all outbound traffic by default",
            "IpProtocol": "-1"
          }
        ],
        "Tags": [
          {
            "Key": "Name",
            "Value": "aws-cdk-sagemaker-model/PrimaryContainerModel"
          }
        ],
        "VpcId": {
          "Ref": "VPCB9E5F0B4"
        }
      }
    },
    "PrimaryContainerModelRole8762F8B9": {
      "Type": "AWS::IAM::Role",
      "Properties": {
        "AssumeRolePolicyDocument": {
          "Statement": [
            {
              "Action": "sts:AssumeRole",
              "Effect": "Allow",
              "Principal": {
                "Service": "sagemaker.amazonaws.com"
              }
            }
          ],
          "Version": "2012-10-17"
        },
        "ManagedPolicyArns": [
          {
            "Fn::Join": [
              "",
              [
                "arn:",
                {
                  "Ref": "AWS::Partition"
                },
                ":iam::aws:policy/AmazonSageMakerFullAccess"
              ]
            ]
          }
        ],
        "Tags": [
          {
            "Key": "Name",
            "Value": "aws-cdk-sagemaker-model/PrimaryContainerModel"
          }
        ]
      }
    },
    "PrimaryContainerModelRoleDefaultPolicy56D1C738": {
      "Type": "AWS::IAM::Policy",
      "Properties": {
        "PolicyDocument": {
          "Statement": [
            {
              "Action": [
                "ecr:BatchCheckLayerAvailability",
                "ecr:GetDownloadUrlForLayer",
                "ecr:BatchGetImage"
              ],
              "Effect": "Allow",
              "Resource": {
                "Fn::Join": [
                  "",
                  [
                    "arn:",
                    {
                      "Ref": "AWS::Partition"
                    },
                    ":ecr:",
                    {
                      "Ref": "AWS::Region"
                    },
                    ":",
                    {
                      "Ref": "AWS::AccountId"
                    },
                    ":repository/aws-cdk/assets"
                  ]
                ]
              }
            },
            {
              "Action": "ecr:GetAuthorizationToken",
              "Effect": "Allow",
              "Resource": "*"
            },
            {
              "Action": [
                "s3:GetObject*",
                "s3:GetBucket*",
                "s3:List*"
              ],
              "Effect": "Allow",
              "Resource": [
                {
                  "Fn::Join": [
                    "",
                    [
                      "arn:",
                      {
                        "Ref": "AWS::Partition"
                      },
                      ":s3:::",
                      {
                        "Ref": "AssetParameters126d48fa0e32fbef5078b9d88658b35ad29d4291eb86675a64c75fa4f1338916S3Bucket575C0F51"
                      }
                    ]
                  ]
                },
                {
                  "Fn::Join": [
                    "",
                    [
                      "arn:",
                      {
                        "Ref": "AWS::Partition"
                      },
                      ":s3:::",
                      {
                        "Ref": "AssetParameters126d48fa0e32fbef5078b9d88658b35ad29d4291eb86675a64c75fa4f1338916S3Bucket575C0F51"
                      },
                      "/*"
                    ]
                  ]
                }
              ]
            }
          ],
          "Version": "2012-10-17"
        },
        "PolicyName": "PrimaryContainerModelRoleDefaultPolicy56D1C738",
        "Roles": [
          {
            "Ref": "PrimaryContainerModelRole8762F8B9"
          }
        ]
      }
    },
    "PrimaryContainerModel389512BE": {
      "Type": "AWS::SageMaker::Model",
      "Properties": {
        "ExecutionRoleArn": {
          "Fn::GetAtt": [
            "PrimaryContainerModelRole8762F8B9",
            "Arn"
          ]
        },
        "PrimaryContainer": {
          "Image": {
            "Fn::Join": [
              "",
              [
                {
                  "Fn::Select": [
                    4,
                    {
                      "Fn::Split": [
                        ":",
                        {
                          "Fn::Join": [
                            "",
                            [
                              "arn:",
                              {
                                "Ref": "AWS::Partition"
                              },
                              ":ecr:",
                              {
                                "Ref": "AWS::Region"
                              },
                              ":",
                              {
                                "Ref": "AWS::AccountId"
                              },
                              ":repository/aws-cdk/assets"
                            ]
                          ]
                        }
                      ]
                    }
                  ]
                },
                ".dkr.ecr.",
                {
                  "Fn::Select": [
                    3,
                    {
                      "Fn::Split": [
                        ":",
                        {
                          "Fn::Join": [
                            "",
                            [
                              "arn:",
                              {
                                "Ref": "AWS::Partition"
                              },
                              ":ecr:",
                              {
                                "Ref": "AWS::Region"
                              },
                              ":",
                              {
                                "Ref": "AWS::AccountId"
                              },
                              ":repository/aws-cdk/assets"
                            ]
                          ]
                        }
                      ]
                    }
                  ]
                },
                ".",
                {
                  "Ref": "AWS::URLSuffix"
                },
                "/aws-cdk/assets:latest"
              ]
            ]
          },
          "ModelDataUrl": {
            "Fn::Join": [
              "",
              [
                "https://s3.",
                {
                  "Ref": "AWS::Region"
                },
                ".",
                {
                  "Ref": "AWS::URLSuffix"
                },
                "/",
                {
                  "Ref": "AssetParameters126d48fa0e32fbef5078b9d88658b35ad29d4291eb86675a64c75fa4f1338916S3Bucket575C0F51"
                },
                "/",
                {
                  "Fn::Select": [
                    0,
                    {
                      "Fn::Split": [
                        "||",
                        {
                          "Ref": "AssetParameters126d48fa0e32fbef5078b9d88658b35ad29d4291eb86675a64c75fa4f1338916S3VersionKeyCBE9ABAF"
                        }
                      ]
                    }
                  ]
                },
                {
                  "Fn::Select": [
                    1,
                    {
                      "Fn::Split": [
                        "||",
                        {
                          "Ref": "AssetParameters126d48fa0e32fbef5078b9d88658b35ad29d4291eb86675a64c75fa4f1338916S3VersionKeyCBE9ABAF"
                        }
                      ]
                    }
                  ]
                }
              ]
            ]
          }
        },
        "Tags": [
          {
            "Key": "Name",
            "Value": "aws-cdk-sagemaker-model/PrimaryContainerModel"
          }
        ],
        "VpcConfig": {
          "SecurityGroupIds": [
            {
              "Fn::GetAtt": [
                "PrimaryContainerModelSecurityGroup06F42014",
                "GroupId"
              ]
            }
          ],
          "Subnets": [
            {
              "Ref": "VPCPrivateSubnet1Subnet8BCA10E0"
            },
            {
              "Ref": "VPCPrivateSubnet2SubnetCFCDAA7A"
            },
            {
              "Ref": "VPCPrivateSubnet3Subnet3EDCD457"
            }
          ]
        }
      },
      "DependsOn": [
        "PrimaryContainerModelRoleDefaultPolicy56D1C738",
        "PrimaryContainerModelRole8762F8B9"
      ]
    },
    "InferencePipelineModelRole6A99C5B3": {
      "Type": "AWS::IAM::Role",
      "Properties": {
        "AssumeRolePolicyDocument": {
          "Statement": [
            {
              "Action": "sts:AssumeRole",
              "Effect": "Allow",
              "Principal": {
                "Service": "sagemaker.amazonaws.com"
              }
            }
          ],
          "Version": "2012-10-17"
        },
        "ManagedPolicyArns": [
          {
            "Fn::Join": [
              "",
              [
                "arn:",
                {
                  "Ref": "AWS::Partition"
                },
                ":iam::aws:policy/AmazonSageMakerFullAccess"
              ]
            ]
          }
        ],
        "Tags": [
          {
            "Key": "Name",
            "Value": "aws-cdk-sagemaker-model/InferencePipelineModel"
          }
        ]
      }
    },
    "InferencePipelineModelRoleDefaultPolicy2AF0CDCF": {
      "Type": "AWS::IAM::Policy",
      "Properties": {
        "PolicyDocument": {
          "Statement": [
            {
              "Action": [
                "ecr:BatchCheckLayerAvailability",
                "ecr:GetDownloadUrlForLayer",
                "ecr:BatchGetImage"
              ],
              "Effect": "Allow",
              "Resource": {
                "Fn::Join": [
                  "",
                  [
                    "arn:",
                    {
                      "Ref": "AWS::Partition"
                    },
                    ":ecr:",
                    {
                      "Ref": "AWS::Region"
                    },
                    ":",
                    {
                      "Ref": "AWS::AccountId"
                    },
                    ":repository/aws-cdk/assets"
                  ]
                ]
              }
            },
            {
              "Action": "ecr:GetAuthorizationToken",
              "Effect": "Allow",
              "Resource": "*"
            },
            {
              "Action": [
                "s3:GetObject*",
                "s3:GetBucket*",
                "s3:List*"
              ],
              "Effect": "Allow",
              "Resource": [
                {
                  "Fn::Join": [
                    "",
                    [
                      "arn:",
                      {
                        "Ref": "AWS::Partition"
                      },
                      ":s3:::",
                      {
                        "Ref": "AssetParameters126d48fa0e32fbef5078b9d88658b35ad29d4291eb86675a64c75fa4f1338916S3Bucket575C0F51"
                      }
                    ]
                  ]
                },
                {
                  "Fn::Join": [
                    "",
                    [
                      "arn:",
                      {
                        "Ref": "AWS::Partition"
                      },
                      ":s3:::",
                      {
                        "Ref": "AssetParameters126d48fa0e32fbef5078b9d88658b35ad29d4291eb86675a64c75fa4f1338916S3Bucket575C0F51"
                      },
                      "/*"
                    ]
                  ]
                }
              ]
            }
          ],
          "Version": "2012-10-17"
        },
        "PolicyName": "InferencePipelineModelRoleDefaultPolicy2AF0CDCF",
        "Roles": [
          {
            "Ref": "InferencePipelineModelRole6A99C5B3"
          }
        ]
      }
    },
    "InferencePipelineModel3564F141": {
      "Type": "AWS::SageMaker::Model",
      "Properties": {
        "ExecutionRoleArn": {
          "Fn::GetAtt": [
            "InferencePipelineModelRole6A99C5B3",
            "Arn"
          ]
        },
        "Containers": [
          {
            "Image": {
              "Fn::Join": [
                "",
                [
                  {
                    "Ref": "AWS::AccountId"
                  },
                  ".dkr.ecr.",
                  {
                    "Ref": "AWS::Region"
                  },
                  ".",
                  {
                    "Ref": "AWS::URLSuffix"
                  },
                  "/aws-cdk/assets:26aab3505e4deba4c58890a2836f781a4fd172b59fdd74732a76d59860df5cc9"
                ]
              ]
            }
          },
          {
            "Image": {
              "Fn::Join": [
                "",
                [
                  {
                    "Ref": "AWS::AccountId"
                  },
                  ".dkr.ecr.",
                  {
                    "Ref": "AWS::Region"
                  },
                  ".",
                  {
                    "Ref": "AWS::URLSuffix"
                  },
                  "/aws-cdk/assets:26aab3505e4deba4c58890a2836f781a4fd172b59fdd74732a76d59860df5cc9"
                ]
              ]
            },
            "ModelDataUrl": {
              "Fn::Join": [
                "",
                [
                  "https://s3.",
                  {
                    "Ref": "AWS::Region"
                  },
                  ".",
                  {
                    "Ref": "AWS::URLSuffix"
                  },
                  "/",
                  {
                    "Ref": "AssetParameters126d48fa0e32fbef5078b9d88658b35ad29d4291eb86675a64c75fa4f1338916S3Bucket575C0F51"
                  },
                  "/",
                  {
                    "Fn::Select": [
                      0,
                      {
                        "Fn::Split": [
                          "||",
                          {
                            "Ref": "AssetParameters126d48fa0e32fbef5078b9d88658b35ad29d4291eb86675a64c75fa4f1338916S3VersionKeyCBE9ABAF"
                          }
                        ]
                      }
                    ]
                  },
                  {
                    "Fn::Select": [
                      1,
                      {
                        "Fn::Split": [
                          "||",
                          {
                            "Ref": "AssetParameters126d48fa0e32fbef5078b9d88658b35ad29d4291eb86675a64c75fa4f1338916S3VersionKeyCBE9ABAF"
                          }
                        ]
                      }
                    ]
                  }
                ]
              ]
            }
          },
          {
            "Image": {
              "Fn::Join": [
                "",
                [
                  {
                    "Ref": "AWS::AccountId"
                  },
                  ".dkr.ecr.",
                  {
                    "Ref": "AWS::Region"
                  },
                  ".",
                  {
                    "Ref": "AWS::URLSuffix"
                  },
                  "/aws-cdk/assets:26aab3505e4deba4c58890a2836f781a4fd172b59fdd74732a76d59860df5cc9"
                ]
              ]
            },
            "ModelDataUrl": {
              "Fn::Join": [
                "",
                [
                  "https://s3.",
                  {
                    "Ref": "AWS::Region"
                  },
                  ".",
                  {
                    "Ref": "AWS::URLSuffix"
                  },
                  "/",
                  {
                    "Ref": "AssetParameters126d48fa0e32fbef5078b9d88658b35ad29d4291eb86675a64c75fa4f1338916S3Bucket575C0F51"
                  },
                  "/",
                  {
                    "Fn::Select": [
                      0,
                      {
                        "Fn::Split": [
                          "||",
                          {
                            "Ref": "AssetParameters126d48fa0e32fbef5078b9d88658b35ad29d4291eb86675a64c75fa4f1338916S3VersionKeyCBE9ABAF"
                          }
                        ]
                      }
                    ]
                  },
                  {
                    "Fn::Select": [
                      1,
                      {
                        "Fn::Split": [
                          "||",
                          {
                            "Ref": "AssetParameters126d48fa0e32fbef5078b9d88658b35ad29d4291eb86675a64c75fa4f1338916S3VersionKeyCBE9ABAF"
                          }
                        ]
                      }
                    ]
                  }
                ]
              ]
            }
          }
        ],
        "Tags": [
          {
            "Key": "Name",
            "Value": "aws-cdk-sagemaker-model/InferencePipelineModel"
          }
        ]
      },
      "DependsOn": [
        "InferencePipelineModelRoleDefaultPolicy2AF0CDCF",
        "InferencePipelineModelRole6A99C5B3"
      ]
    }
  }
}