{
  "Resources": {
    "Bucket83908E77": {
      "Type": "AWS::S3::Bucket",
      "UpdateReplacePolicy": "Delete",
      "DeletionPolicy": "Delete"
    },
    "FirehoseRoleAA67C190": {
      "Type": "AWS::IAM::Role",
      "Properties": {
        "AssumeRolePolicyDocument": {
          "Statement": [
            {
              "Action": "sts:AssumeRole",
              "Effect": "Allow",
              "Principal": {
                "Service": "firehose.amazonaws.com"
              }
            }
          ],
          "Version": "2012-10-17"
        },
        "Policies": [
          {
            "PolicyDocument": {
              "Statement": [
                {
                  "Action": [
                    "s3:AbortMultipartUpload",
                    "s3:GetBucketLocation",
                    "s3:GetObject",
                    "s3:ListBucket",
                    "s3:ListBucketMultipartUploads",
                    "s3:PutObject"
                  ],
                  "Effect": "Allow",
                  "Resource": [
                    {
                      "Fn::GetAtt": [
                        "Bucket83908E77",
                        "Arn"
                      ]
                    },
                    {
                      "Fn::Join": [
                        "",
                        [
                          {
                            "Fn::GetAtt": [
                              "Bucket83908E77",
                              "Arn"
                            ]
                          },
                          "/*"
                        ]
                      ]
                    }
                  ]
                }
              ],
              "Version": "2012-10-17"
            },
            "PolicyName": "allowToDeliverToS3Bucket"
          }
        ]
      }
    },
    "MyFirehose": {
      "Type": "AWS::KinesisFirehose::DeliveryStream",
      "Properties": {
        "ExtendedS3DestinationConfiguration": {
          "BucketARN": {
            "Fn::GetAtt": [
              "Bucket83908E77",
              "Arn"
            ]
          },
          "RoleARN": {
            "Fn::GetAtt": [
              "FirehoseRoleAA67C190",
              "Arn"
            ]
          }
        }
      }
    },
    "LogGroupF5B46931": {
      "Type": "AWS::Logs::LogGroup",
      "Properties": {
        "RetentionInDays": 731
      },
      "UpdateReplacePolicy": "Delete",
      "DeletionPolicy": "Delete"
    },
    "SubscriptionCloudWatchLogsCanPutRecordsIntoKinesisFirehoseC45D3D89": {
      "Type": "AWS::IAM::Role",
      "Properties": {
        "AssumeRolePolicyDocument": {
          "Statement": [
            {
              "Action": "sts:AssumeRole",
              "Effect": "Allow",
              "Principal": {
                "Service": {
                  "Fn::Join": [
                    "",
                    [
                      "logs.",
                      {
                        "Ref": "AWS::Region"
                      },
                      ".amazonaws.com"
                    ]
                  ]
                }
              }
            }
          ],
          "Version": "2012-10-17"
        }
      }
    },
    "SubscriptionCloudWatchLogsCanPutRecordsIntoKinesisFirehoseDefaultPolicy8571150D": {
      "Type": "AWS::IAM::Policy",
      "Properties": {
        "PolicyDocument": {
          "Statement": [
            {
              "Action": [
                "firehose:PutRecord",
                "firehose:PutRecordBatch"
              ],
              "Effect": "Allow",
              "Resource": {
                "Fn::GetAtt": [
                  "MyFirehose",
                  "Arn"
                ]
              }
            }
          ],
          "Version": "2012-10-17"
        },
        "PolicyName": "SubscriptionCloudWatchLogsCanPutRecordsIntoKinesisFirehoseDefaultPolicy8571150D",
        "Roles": [
          {
            "Ref": "SubscriptionCloudWatchLogsCanPutRecordsIntoKinesisFirehoseC45D3D89"
          }
        ]
      }
    },
    "Subscription391C9821": {
      "Type": "AWS::Logs::SubscriptionFilter",
      "Properties": {
        "DestinationArn": {
          "Fn::GetAtt": [
            "MyFirehose",
            "Arn"
          ]
        },
        "FilterPattern": "",
        "LogGroupName": {
          "Ref": "LogGroupF5B46931"
        },
        "RoleArn": {
          "Fn::GetAtt": [
            "SubscriptionCloudWatchLogsCanPutRecordsIntoKinesisFirehoseC45D3D89",
            "Arn"
          ]
        }
      }
    }
  }
}
