{
  "Resources": {
    "ProcessTaskSagemakerRole469AF742": {
      "Type": "AWS::IAM::Role",
      "Properties": {
        "AssumeRolePolicyDocument": {
          "Statement": [
            {
              "Action": "sts:AssumeRole",
              "Effect": "Allow",
              "Principal": {
                "Service": "sagemaker.amazonaws.com"
              }
            }
          ],
          "Version": "2012-10-17"
        },
        "Policies": [
          {
            "PolicyDocument": {
              "Statement": [
                {
                  "Action": [
                    "ecr:BatchCheckLayerAvailability",
                    "ecr:BatchGetImage",
                    "ecr:Describe*",
                    "ecr:GetAuthorizationToken",
                    "ecr:GetDownloadUrlForLayer",
                    "ecr:StartImageScan"
                  ],
                  "Effect": "Allow",
                  "Resource": "*"
                },
                {
                  "Action": [
                    "cloudwatch:PutMetricData",
                    "logs:CreateLogStream",
                    "logs:PutLogEvents",
                    "logs:CreateLogGroup",
                    "logs:DescribeLogStreams",
                    "ecr:GetAuthorizationToken"
                  ],
                  "Effect": "Allow",
                  "Resource": "*"
                }
              ],
              "Version": "2012-10-17"
            },
            "PolicyName": "CreateProcessingJob"
          }
        ]
      }
    },
    "ProcessTaskSagemakerRoleDefaultPolicy1D9B23FE": {
      "Type": "AWS::IAM::Policy",
      "Properties": {
        "PolicyDocument": {
          "Statement": [
            {
              "Action": [
                "ecr:BatchCheckLayerAvailability",
                "ecr:GetDownloadUrlForLayer",
                "ecr:BatchGetImage"
              ],
              "Effect": "Allow",
              "Resource": {
                "Fn::Join": [
                  "",
                  [
                    "arn:",
                    {
                      "Ref": "AWS::Partition"
                    },
                    ":ecr:",
                    {
                      "Ref": "AWS::Region"
                    },
                    ":",
                    {
                      "Ref": "AWS::AccountId"
                    },
                    ":repository/aws-cdk/assets"
                  ]
                ]
              }
            },
            {
              "Action": "ecr:GetAuthorizationToken",
              "Effect": "Allow",
              "Resource": "*"
            }
          ],
          "Version": "2012-10-17"
        },
        "PolicyName": "ProcessTaskSagemakerRoleDefaultPolicy1D9B23FE",
        "Roles": [
          {
            "Ref": "ProcessTaskSagemakerRole469AF742"
          }
        ]
      }
    },
    "StateMachineRoleB840431D": {
      "Type": "AWS::IAM::Role",
      "Properties": {
        "AssumeRolePolicyDocument": {
          "Statement": [
            {
              "Action": "sts:AssumeRole",
              "Effect": "Allow",
              "Principal": {
                "Service": {
                  "Fn::Join": [
                    "",
                    [
                      "states.",
                      {
                        "Ref": "AWS::Region"
                      },
                      ".amazonaws.com"
                    ]
                  ]
                }
              }
            }
          ],
          "Version": "2012-10-17"
        }
      }
    },
    "StateMachineRoleDefaultPolicyDF1E6607": {
      "Type": "AWS::IAM::Policy",
      "Properties": {
        "PolicyDocument": {
          "Statement": [
            {
              "Action": [
                "sagemaker:CreateProcessingJob",
                "sagemaker:DescribeProcessingJob",
                "sagemaker:StopProcessingJob"
              ],
              "Effect": "Allow",
              "Resource": {
                "Fn::Join": [
                  "",
                  [
                    "arn:",
                    {
                      "Ref": "AWS::Partition"
                    },
                    ":sagemaker:",
                    {
                      "Ref": "AWS::Region"
                    },
                    ":",
                    {
                      "Ref": "AWS::AccountId"
                    },
                    ":processing-job/*"
                  ]
                ]
              }
            },
            {
              "Action": "sagemaker:ListTags",
              "Effect": "Allow",
              "Resource": "*"
            },
            {
              "Action": "iam:PassRole",
              "Condition": {
                "StringEquals": {
                  "iam:PassedToService": "sagemaker.amazonaws.com"
                }
              },
              "Effect": "Allow",
              "Resource": {
                "Fn::GetAtt": [
                  "ProcessTaskSagemakerRole469AF742",
                  "Arn"
                ]
              }
            }
          ],
          "Version": "2012-10-17"
        },
        "PolicyName": "StateMachineRoleDefaultPolicyDF1E6607",
        "Roles": [
          {
            "Ref": "StateMachineRoleB840431D"
          }
        ]
      }
    },
    "StateMachine2E01A3A5": {
      "Type": "AWS::StepFunctions::StateMachine",
      "Properties": {
        "RoleArn": {
          "Fn::GetAtt": [
            "StateMachineRoleB840431D",
            "Arn"
          ]
        },
        "DefinitionString": {
          "Fn::Join": [
            "",
            [
              "{\"StartAt\":\"Start\",\"States\":{\"Start\":{\"Type\":\"Pass\",\"Result\":{\"JobName\":\"mysagemakerprocessjob\"},\"Next\":\"Process Task\"},\"Process Task\":{\"End\":true,\"Type\":\"Task\",\"ResultPath\":\"$.ProcessingJob\",\"Resource\":\"arn:",
              {
                "Ref": "AWS::Partition"
              },
              ":states:::sagemaker:createProcessingJob\",\"Parameters\":{\"AppSpecification\":{\"ImageUri\":\"",
              {
                "Ref": "AWS::AccountId"
              },
              ".dkr.ecr.",
              {
                "Ref": "AWS::Region"
              },
              ".",
              {
                "Ref": "AWS::URLSuffix"
              },
              "/aws-cdk/assets:43a13c96ce59d6c3663a6fa8938e93562805ac88556207d761ebcfd3c55dc855\"},\"ProcessingJobName.$\":\"$.JobName\",\"ProcessingResources\":{\"ClusterConfig\":{\"InstanceCount\":1,\"InstanceType\":\"ml.m4.xlarge\",\"VolumeSizeInGB\":10}},\"RoleArn\":\"",
              {
                "Fn::GetAtt": [
                  "ProcessTaskSagemakerRole469AF742",
                  "Arn"
                ]
              },
              "\",\"StoppingCondition\":{\"MaxRuntimeInSeconds\":3600}}}}}"
            ]
          ]
        }
      },
      "DependsOn": [
        "StateMachineRoleDefaultPolicyDF1E6607",
        "StateMachineRoleB840431D"
      ]
    }
  },
  "Outputs": {
    "StateMachineArn": {
      "Value": {
        "Ref": "StateMachine2E01A3A5"
      }
    }
  }
}