{
  "Resources": {
    "StateMachineRoleB840431D": {
      "Type": "AWS::IAM::Role",
      "Properties": {
        "AssumeRolePolicyDocument": {
          "Statement": [
            {
              "Action": "sts:AssumeRole",
              "Effect": "Allow",
              "Principal": {
                "Service": {
                  "Fn::Join": [
                    "",
                    [
                      "states.",
                      {
                        "Ref": "AWS::Region"
                      },
                      ".amazonaws.com"
                    ]
                  ]
                }
              }
            }
          ],
          "Version": "2012-10-17"
        }
      }
    },
    "StateMachineRoleDefaultPolicyDF1E6607": {
      "Type": "AWS::IAM::Policy",
      "Properties": {
        "PolicyDocument": {
          "Statement": [
            {
              "Action": "eks:CreateFargateProfile",
              "Effect": "Allow",
              "Resource": "*"
            },
            {
              "Action": "iam:GetRole",
              "Effect": "Allow",
              "Resource": "*"
            },
            {
              "Action": "iam:PassRole",
              "Condition": {
                "StringEqualsIfExists": {
                  "iam:PassedToService": [
                    "eks.amazonaws.com"
                  ]
                }
              },
              "Effect": "Allow",
              "Resource": "*"
            },
            {
              "Action": "eks:DeleteFargateProfile",
              "Effect": "Allow",
              "Resource": {
                "Fn::Join": [
                  "",
                  [
                    "arn:",
                    {
                      "Ref": "AWS::Partition"
                    },
                    ":eks:",
                    {
                      "Ref": "AWS::Region"
                    },
                    ":",
                    {
                      "Ref": "AWS::AccountId"
                    },
                    ":fargateprofile/clustername/fargateprofilename/*"
                  ]
                ]
              }
            }
          ],
          "Version": "2012-10-17"
        },
        "PolicyName": "StateMachineRoleDefaultPolicyDF1E6607",
        "Roles": [
          {
            "Ref": "StateMachineRoleB840431D"
          }
        ]
      }
    },
    "StateMachine2E01A3A5": {
      "Type": "AWS::StepFunctions::StateMachine",
      "Properties": {
        "RoleArn": {
          "Fn::GetAtt": [
            "StateMachineRoleB840431D",
            "Arn"
          ]
        },
        "DefinitionString": {
          "Fn::Join": [
            "",
            [
              "{\"StartAt\":\"Create a Fargate Profile\",\"States\":{\"Create a Fargate Profile\":{\"Next\":\"Delete a Fargate Profile\",\"Type\":\"Task\",\"Resource\":\"arn:",
              {
                "Ref": "AWS::Partition"
              },
              ":states:::eks:createFargateProfile\",\"Parameters\":{\"FargateProfileName\":\"fargateprofilename\",\"ClusterName\":\"clustername\",\"PodExecutionRoleArn\":\"*\",\"Selectors\":[{\"Namespace\":\"namespace\",\"Labels\":{\"my-label\":\"my-value\"}}]}},\"Delete a Fargate Profile\":{\"End\":true,\"Type\":\"Task\",\"Resource\":\"arn:",
              {
                "Ref": "AWS::Partition"
              },
              ":states:::eks:deleteFargateProfile\",\"Parameters\":{\"ClusterName\":\"clustername\",\"FargateProfileName\":\"fargateprofilename\"}}},\"TimeoutSeconds\":30}"
            ]
          ]
        }
      },
      "DependsOn": [
        "StateMachineRoleDefaultPolicyDF1E6607",
        "StateMachineRoleB840431D"
      ]
    }
  },
  "Outputs": {
    "stateMachineArn": {
      "Value": {
        "Ref": "StateMachine2E01A3A5"
      }
    }
  }
}