{
  "Resources": {
    "StateMachineRoleB840431D": {
      "Type": "AWS::IAM::Role",
      "Properties": {
        "AssumeRolePolicyDocument": {
          "Statement": [
            {
              "Action": "sts:AssumeRole",
              "Effect": "Allow",
              "Principal": {
                "Service": {
                  "Fn::Join": [
                    "",
                    [
                      "states.",
                      {
                        "Ref": "AWS::Region"
                      },
                      ".amazonaws.com"
                    ]
                  ]
                }
              }
            }
          ],
          "Version": "2012-10-17"
        }
      }
    },
    "StateMachine2E01A3A5": {
      "Type": "AWS::StepFunctions::StateMachine",
      "Properties": {
        "RoleArn": {
          "Fn::GetAtt": [
            "StateMachineRoleB840431D",
            "Arn"
          ]
        },
        "DefinitionString": {
          "Fn::Join": [
            "",
            [
              "{\"StartAt\":\"Run a EKS Job\",\"States\":{\"Run a EKS Job\":{\"End\":true,\"Type\":\"Task\",\"Resource\":\"arn:",
              {
                "Ref": "AWS::Partition"
              },
              ":states:::eks:runJob.sync\",\"Parameters\":{\"ClusterName.$\":\"$.eks.Cluster.Name\",\"CertificateAuthority.$\":\"$.eks.Cluster.CertificateAuthority.Data\",\"Endpoint.$\":\"$.eks.Cluster.Endpoint\",\"Job\":{\"apiVersion\":\"batch/v1\",\"kind\":\"Job\",\"metadata\":{\"name\":\"example-job\"},\"spec\":{\"backoffLimit\":0,\"template\":{\"metadata\":{\"name\":\"example-job\"},\"spec\":{\"containers\":[{\"name\":\"pi-20\",\"image\":\"perl\",\"command\":[\"perl\"],\"args\":[\"-Mbignum=bpi\",\"-wle\",\"print '{ ' . '\\\"pi\\\": '. bpi(20) . ' }';\"]}],\"restartPolicy\":\"Never\"}}}},\"LogOptions\":{\"RawLogs\":false,\"RetrieveLogs\":true}}}},\"TimeoutSeconds\":30}"
            ]
          ]
        }
      },
      "DependsOn": [
        "StateMachineRoleB840431D"
      ]
    }
  },
  "Outputs": {
    "stateMachineArn": {
      "Value": {
        "Ref": "StateMachine2E01A3A5"
      }
    }
  }
}