{
  "Resources": {
    "Role1ABCC5F0": {
      "Type": "AWS::IAM::Role",
      "Properties": {
        "AssumeRolePolicyDocument": {
          "Statement": [
            {
              "Action": "sts:AssumeRole",
              "Effect": "Allow",
              "Principal": {
                "Service": "eks.amazonaws.com"
              }
            }
          ],
          "Version": "2012-10-17"
        },
        "ManagedPolicyArns": [
          {
            "Fn::Join": [
              "",
              [
                "arn:",
                {
                  "Ref": "AWS::Partition"
                },
                ":iam::aws:policy/AmazonEKSWorkerNodePolicy"
              ]
            ]
          },
          {
            "Fn::Join": [
              "",
              [
                "arn:",
                {
                  "Ref": "AWS::Partition"
                },
                ":iam::aws:policy/AmazonEC2ContainerRegistryReadOnly"
              ]
            ]
          },
          {
            "Fn::Join": [
              "",
              [
                "arn:",
                {
                  "Ref": "AWS::Partition"
                },
                ":iam::aws:policy/AmazonEKSClusterPolicy"
              ]
            ]
          },
          {
            "Fn::Join": [
              "",
              [
                "arn:",
                {
                  "Ref": "AWS::Partition"
                },
                ":iam::aws:policy/AmazonEKS_CNI_Policy"
              ]
            ]
          }
        ]
      }
    },
    "CreateaClusterControlPlaneSecurityGroupF5B7A2D0": {
      "Type": "AWS::EC2::SecurityGroup",
      "Properties": {
        "GroupDescription": "EKS Control Plane Security Group",
        "SecurityGroupEgress": [
          {
            "CidrIp": "0.0.0.0/0",
            "Description": "Allow all outbound traffic by default",
            "IpProtocol": "-1"
          }
        ],
        "VpcId": "vpc-60900905"
      }
    },
    "StateMachineRoleB840431D": {
      "Type": "AWS::IAM::Role",
      "Properties": {
        "AssumeRolePolicyDocument": {
          "Statement": [
            {
              "Action": "sts:AssumeRole",
              "Effect": "Allow",
              "Principal": {
                "Service": "states.test-region.amazonaws.com"
              }
            }
          ],
          "Version": "2012-10-17"
        }
      }
    },
    "StateMachineRoleDefaultPolicyDF1E6607": {
      "Type": "AWS::IAM::Policy",
      "Properties": {
        "PolicyDocument": {
          "Statement": [
            {
              "Action": "eks:CreateCluster",
              "Effect": "Allow",
              "Resource": "*"
            },
            {
              "Action": "iam:PassRole",
              "Condition": {
                "StringEquals": {
                  "iam:PassedToService": "eks.amazonaws.com"
                }
              },
              "Effect": "Allow",
              "Resource": {
                "Fn::GetAtt": [
                  "Role1ABCC5F0",
                  "Arn"
                ]
              }
            },
            {
              "Action": "eks:DeleteCluster",
              "Effect": "Allow",
              "Resource": {
                "Fn::Join": [
                  "",
                  [
                    "arn:",
                    {
                      "Ref": "AWS::Partition"
                    },
                    ":eks:test-region:12345678:cluster/deleteclusterinteg"
                  ]
                ]
              }
            }
          ],
          "Version": "2012-10-17"
        },
        "PolicyName": "StateMachineRoleDefaultPolicyDF1E6607",
        "Roles": [
          {
            "Ref": "StateMachineRoleB840431D"
          }
        ]
      }
    },
    "StateMachine2E01A3A5": {
      "Type": "AWS::StepFunctions::StateMachine",
      "Properties": {
        "RoleArn": {
          "Fn::GetAtt": [
            "StateMachineRoleB840431D",
            "Arn"
          ]
        },
        "DefinitionString": {
          "Fn::Join": [
            "",
            [
              "{\"StartAt\":\"Create a Cluster\",\"States\":{\"Create a Cluster\":{\"Next\":\"Delete a Cluster\",\"Type\":\"Task\",\"Resource\":\"arn:",
              {
                "Ref": "AWS::Partition"
              },
              ":states:::eks:createCluster\",\"Parameters\":{\"Name\":\"deleteclusterinteg\",\"Version\":\"1.18\",\"RoleArn\":\"",
              {
                "Fn::GetAtt": [
                  "Role1ABCC5F0",
                  "Arn"
                ]
              },
              "\",\"ResourcesVpcConfig\":{\"SubnetIds\":[\"subnet-e19455ca\",\"subnet-e0c24797\",\"subnet-ccd77395\"],\"SecurityGroupIds\":[\"",
              {
                "Fn::GetAtt": [
                  "CreateaClusterControlPlaneSecurityGroupF5B7A2D0",
                  "GroupId"
                ]
              },
              "\"],\"EndpointPublicAccess\":true,\"EndpointPrivateAccess\":false,\"PublicAccessCidrs\":[\"0.0.0.0/0\"]}}},\"Delete a Cluster\":{\"End\":true,\"Type\":\"Task\",\"Resource\":\"arn:",
              {
                "Ref": "AWS::Partition"
              },
              ":states:::eks:deleteCluster\",\"Parameters\":{\"Name\":\"deleteclusterinteg\"}}},\"TimeoutSeconds\":30}"
            ]
          ]
        }
      },
      "DependsOn": [
        "StateMachineRoleDefaultPolicyDF1E6607",
        "StateMachineRoleB840431D"
      ]
    }
  },
  "Outputs": {
    "stateMachineArn": {
      "Value": {
        "Ref": "StateMachine2E01A3A5"
      }
    }
  }
}