{
  "Resources": {
    "StateMachineRoleB840431D": {
      "Type": "AWS::IAM::Role",
      "Properties": {
        "AssumeRolePolicyDocument": {
          "Statement": [
            {
              "Action": "sts:AssumeRole",
              "Effect": "Allow",
              "Principal": {
                "Service": {
                  "Fn::Join": [
                    "",
                    [
                      "states.",
                      {
                        "Ref": "AWS::Region"
                      },
                      ".amazonaws.com"
                    ]
                  ]
                }
              }
            }
          ],
          "Version": "2012-10-17"
        }
      }
    },
    "StateMachineRoleDefaultPolicyDF1E6607": {
      "Type": "AWS::IAM::Policy",
      "Properties": {
        "PolicyDocument": {
          "Statement": [
            {
              "Action": [
                "ec2:DescribeSubnets",
                "eks:CreateNodegroup"
              ],
              "Effect": "Allow",
              "Resource": "*"
            },
            {
              "Action": [
                "iam:GetRole",
                "iam:listAttachedRolePolicies"
              ],
              "Effect": "Allow",
              "Resource": "*"
            },
            {
              "Action": [
                "ec2:DescribeLaunchTemplates",
                "ec2:DescribeLaunchTemplateVersions",
                "ec2:DescribeVpcs",
                "ec2:DescribeSubnets",
                "ec2:DescribeAvailabilityZones"
              ],
              "Effect": "Allow",
              "Resource": "*"
            },
            {
              "Action": "iam:PassRole",
              "Condition": {
                "StringEqualsIfExists": {
                  "iam:PassedToService": [
                    "eks.amazonaws.com"
                  ]
                }
              },
              "Effect": "Allow",
              "Resource": "*"
            }
          ],
          "Version": "2012-10-17"
        },
        "PolicyName": "StateMachineRoleDefaultPolicyDF1E6607",
        "Roles": [
          {
            "Ref": "StateMachineRoleB840431D"
          }
        ]
      }
    },
    "StateMachine2E01A3A5": {
      "Type": "AWS::StepFunctions::StateMachine",
      "Properties": {
        "RoleArn": {
          "Fn::GetAtt": [
            "StateMachineRoleB840431D",
            "Arn"
          ]
        },
        "DefinitionString": {
          "Fn::Join": [
            "",
            [
              "{\"StartAt\":\"Create a Nodegroup\",\"States\":{\"Create a Nodegroup\":{\"End\":true,\"Type\":\"Task\",\"Resource\":\"arn:",
              {
                "Ref": "AWS::Partition"
              },
              ":states:::eks:createNodegroup\",\"Parameters\":{\"ClusterName\":\"clusterName\",\"NodegroupName\":\"NodeGroupName\",\"ScalingConfig\":{\"DesiredSize\":2},\"Subnets\":[\"<PUBSUBNET_AZ_1>\",\"<PUBSUBNET_AZ_2>\"],\"NodeRole\":\"arn:aws:iam::ACCOUNTID:role/NodeInstanceRole\",\"LaunchTemplate\":{\"Id\":\"lt-ID\"}}}},\"TimeoutSeconds\":30}"
            ]
          ]
        }
      },
      "DependsOn": [
        "StateMachineRoleDefaultPolicyDF1E6607",
        "StateMachineRoleB840431D"
      ]
    }
  },
  "Outputs": {
    "stateMachineArn": {
      "Value": {
        "Ref": "StateMachine2E01A3A5"
      }
    }
  }
}